[    0.000000] Booting Linux on physical CPU 0x0
[    0.000000] Linux version 4.14.83+ (lnxbuild@ecbld-sd171-lnx) (clang version 6.0.9 for Android NDK) #1 SMP PREEMPT Tue Feb 19 13:18:30 PST 2019
[    0.000000] Boot CPU: AArch64 Processor [51df805e]
[    0.000000] Machine: Qualcomm Technologies, Inc. SDMMAGPIE PM6150 QRD
[    0.000000] earlycon: msm_geni_serial0 at MMIO 0x0000000000880000 (options '')
[    0.000000] Malformed early option 'earlycon'
[    0.000000] efi: Getting EFI parameters from FDT:
[    0.000000] efi: UEFI not found.
[    0.000000] Reserved memory: created CMA memory pool at 0x00000000fa000000, size 92 MiB
[    0.000000] OF: reserved mem: initialized node secure_display_region, compatible id shared-dma-pool
[    0.000000] Reserved memory: created CMA memory pool at 0x00000000f9400000, size 12 MiB
[    0.000000] OF: reserved mem: initialized node adsp_region, compatible id shared-dma-pool
[    0.000000] Reserved memory: created CMA memory pool at 0x00000000f9000000, size 4 MiB
[    0.000000] OF: reserved mem: initialized node cdsp_region, compatible id shared-dma-pool
[    0.000000] Reserved memory: created CMA memory pool at 0x0000000279400000, size 36 MiB
[    0.000000] OF: reserved mem: initialized node mem_dump_region, compatible id shared-dma-pool
[    0.000000] Reserved memory: created CMA memory pool at 0x00000000f7000000, size 32 MiB
[    0.000000] OF: reserved mem: initialized node linux,cma, compatible id shared-dma-pool
[    0.000000] Reserved memory: created CMA memory pool at 0x00000000f6000000, size 16 MiB
[    0.000000] OF: reserved mem: initialized node qseecom_ta_region, compatible id shared-dma-pool
[    0.000000] Reserved memory: created CMA memory pool at 0x00000000f5800000, size 8 MiB
[    0.000000] OF: reserved mem: initialized node sp_region, compatible id shared-dma-pool
[    0.000000] Removed memory: created DMA memory pool at 0x0000000085700000, size 6 MiB
[    0.000000] OF: reserved mem: initialized node hyp_region@85700000, compatible id removed-dma-pool
[    0.000000] Removed memory: created DMA memory pool at 0x0000000085e00000, size 1 MiB
[    0.000000] OF: reserved mem: initialized node xbl_aop_mem@85e00000, compatible id removed-dma-pool
[    0.000000] Removed memory: created DMA memory pool at 0x0000000085fff000, size 0 MiB
[    0.000000] OF: reserved mem: initialized node sec_apps_region@85fff000, compatible id removed-dma-pool
[    0.000000] Removed memory: created DMA memory pool at 0x0000000086000000, size 2 MiB
[    0.000000] OF: reserved mem: initialized node smem@86000000, compatible id removed-dma-pool
[    0.000000] Removed memory: created DMA memory pool at 0x0000000086200000, size 45 MiB
[    0.000000] OF: reserved mem: initialized node removed_region@86200000, compatible id removed-dma-pool
[    0.000000] Removed memory: created DMA memory pool at 0x000000008ab00000, size 5 MiB
[    0.000000] OF: reserved mem: initialized node camera_region@8ab00000, compatible id removed-dma-pool
[    0.000000] Removed memory: created DMA memory pool at 0x000000008b000000, size 126 MiB
[    0.000000] OF: reserved mem: initialized node modem_region@8b000000, compatible id removed-dma-pool
[    0.000000] Removed memory: created DMA memory pool at 0x0000000092e00000, size 5 MiB
[    0.000000] OF: reserved mem: initialized node pil_video_region@92e00000, compatible id removed-dma-pool
[    0.000000] Removed memory: created DMA memory pool at 0x0000000093300000, size 30 MiB
[    0.000000] OF: reserved mem: initialized node cdsp_regions@93300000, compatible id removed-dma-pool
[    0.000000] Removed memory: created DMA memory pool at 0x0000000095100000, size 30 MiB
[    0.000000] OF: reserved mem: initialized node pil_adsp_region@95100000, compatible id removed-dma-pool
[    0.000000] Removed memory: created DMA memory pool at 0x0000000096f00000, size 1 MiB
[    0.000000] OF: reserved mem: initialized node wlan_msa_region@96f00000, compatible id removed-dma-pool
[    0.000000] Removed memory: created DMA memory pool at 0x0000000097080000, size 0 MiB
[    0.000000] OF: reserved mem: initialized node npu_region@97080000, compatible id removed-dma-pool
[    0.000000] Removed memory: created DMA memory pool at 0x0000000097100000, size 0 MiB
[    0.000000] OF: reserved mem: initialized node ips_fw_region@97100000, compatible id removed-dma-pool
[    0.000000] Removed memory: created DMA memory pool at 0x0000000097110000, size 0 MiB
[    0.000000] OF: reserved mem: initialized node ipa_gsi_region@97110000, compatible id removed-dma-pool
[    0.000000] Removed memory: created DMA memory pool at 0x0000000097115000, size 0 MiB
[    0.000000] OF: reserved mem: initialized node gpu_region@97115000, compatible id removed-dma-pool
[    0.000000] Reserved memory: created DMA memory pool at 0x000000009e400000, size 20 MiB
[    0.000000] OF: reserved mem: initialized node qseecom_region@9e400000, compatible id shared-dma-pool
[    0.000000] Removed memory: created DMA memory pool at 0x000000009f800000, size 30 MiB
[    0.000000] OF: reserved mem: initialized node cdsp_sec_regions@0x9f800000, compatible id removed-dma-pool
[    0.000000] kmemleak: Kernel memory leak detector disabled
[    0.000000] On node 0 totalpages: 2001641
[    0.000000] DMA zone: 6980 pages used for memmap
[    0.000000] DMA zone: 0 pages reserved
[    0.000000] DMA zone: 446697 pages, LIFO batch:31
[    0.000000] Normal zone: 24296 pages used for memmap
[    0.000000] Normal zone: 1554944 pages, LIFO batch:31
[    0.000000] psci: probing for conduit method from DT.
[    0.000000] psci: PSCIv1.1 detected in firmware.
[    0.000000] psci: Using standard PSCI v0.2 function IDs
[    0.000000] psci: MIGRATE_INFO_TYPE not supported.
[    0.000000] psci: SMC Calling Convention v1.1
[    0.000000] random: fast init done
[    0.000000] random: get_random_bytes called from start_kernel+0x98/0x440 with crng_init=1
[    0.000000] percpu: Embedded 23 pages/cpu @ffffffcf783aa000 s55464 r8192 d30552 u94208
[    0.000000] pcpu-alloc: s55464 r8192 d30552 u94208 alloc=23*4096
[    0.000000] pcpu-alloc: [0] 0 [0] 1 [0] 2 [0] 3 [0] 4 [0] 5 [0] 6 [0] 7 
[    0.000000] Built 1 zonelists, mobility grouping on.  Total pages: 1970365
[    0.000000] Kernel command line: rcupdate.rcu_expedited=1 rcu_nocbs=0-7 console=ttyMSM0,115200n8 androidboot.hardware=qcom androidboot.console=ttyMSM0 androidboot.memcg=1 lpm_levels.sleep_disabled=1 video=vfb:640x400,bpp=32,memsize=3072000 msm_rtb.filter=0x237 service_locator.enable=1 swiotlb=1 androidboot.usbcontroller=a600000.dwc3 firmware_class.path=/vendor/firmware_mnt/image earlycon=msm_geni_serial,0x880000 loop.max_part=7 cgroup.memory=nokmem,nosocket buildvariant=userdebug androidboot.verifiedbootstate=orange androidboot.keymaster=1 root=PARTUUID=11eb8c40-6ad4-2edb-ea3d-74e5c558a762 androidboot.vbmeta.device=PARTUUID=71ea9530-00fe-c9bd-a775-ad275fe23f0f androidboot.vbmeta.avb_version=1.0 androidboot.vbmeta.device_state=unlocked androidboot.vbmeta.hash_alg=sha256 androidboot.vbmeta.size=4992 androidboot.vbmeta.digest=bbb9caef2e68afaa3fae570baa38f23701d177fba156feb478288e6d32b49775 androidboot.veritymode=disabled androidboot.bootdevice=1d84000.ufshc androidboot.serialno=ec5f14e3 an
[    0.000000] log_buf_len individual max cpu contribution: 131072 bytes
[    0.000000] log_buf_len total cpu_extra contributions: 917504 bytes
[    0.000000] log_buf_len min size: 131072 bytes
[    0.000000] log_buf_len: 1048576 bytes
[    0.000000] early log buf free: 123492(94%)
[    0.000000] PID hash table entries: 4096 (order: 3, 32768 bytes)
[    0.000000] Dentry cache hash table entries: 1048576 (order: 11, 8388608 bytes)
[    0.000000] Inode-cache hash table entries: 524288 (order: 10, 4194304 bytes)
[    0.000000] software IO TLB [mem 0xfffbf000-0xfffff000] (0MB) mapped at [ffffffcdfffbf000-ffffffcdffffefff]
[    0.000000] Memory: 7547080K/8006564K available (16764K kernel code, 2820K rwdata, 7516K rodata, 7296K init, 12003K bss, 254684K reserved, 204800K cma-reserved)
[    0.000000] Virtual kernel memory layout:
[    0.000000] modules : 0xffffff8000000000 - 0xffffff8008000000   (   128 MB)
[    0.000000] vmalloc : 0xffffff8008000000 - 0xffffffbebfff0000   (   250 GB)
[    0.000000] .text : 0xffffff9672e80000 - 0xffffff9673ee0000   ( 16768 KB)
[    0.000000] .rodata : 0xffffff9673f00000 - 0xffffff9674660000   (  7552 KB)
[    0.000000] .init : 0xffffff9674660000 - 0xffffff9674d80000   (  7296 KB)
[    0.000000] .data : 0xffffff9674d80000 - 0xffffff9675041200   (  2821 KB)
[    0.000000] .bss : 0xffffff9675041200 - 0xffffff9675bfa000   ( 12004 KB)
[    0.000000] fixed   : 0xffffffbefe7fd000 - 0xffffffbefec00000   (  4108 KB)
[    0.000000] PCI I/O : 0xffffffbefee00000 - 0xffffffbeffe00000   (    16 MB)
[    0.000000] vmemmap : 0xffffffbf00000000 - 0xffffffc000000000   (     4 GB maximum)
[    0.000000] 0xffffffbf36000000 - 0xffffffbf3dee8000   (   126 MB actual)
[    0.000000] memory  : 0xffffffcd80000000 - 0xffffffcf7ba00000   (  8122 MB)
[    0.000000] SLUB: HWalign=64, Order=0-3, MinObjects=0, CPUs=8, Nodes=1
[    0.000000] ftrace: allocating 52615 entries in 206 pages
[    0.000000] 
[    0.000000] **********************************************************
[    0.000000] **   NOTICE NOTICE NOTICE NOTICE NOTICE NOTICE NOTICE   **
[    0.000000] **                                                      **
[    0.000000] ** trace_printk() being used. Allocating extra memory.  **
[    0.000000] **                                                      **
[    0.000000] ** This means that this is a DEBUG kernel and it is     **
[    0.000000] ** unsafe for production use.                           **
[    0.000000] **                                                      **
[    0.000000] ** If you see this message and you are not debugging    **
[    0.000000] ** the kernel, report this immediately to your vendor!  **
[    0.000000] **                                                      **
[    0.000000] **   NOTICE NOTICE NOTICE NOTICE NOTICE NOTICE NOTICE   **
[    0.000000] **********************************************************
[    0.000000] Preemptible hierarchical RCU implementation.
[    0.000000] \x09RCU dyntick-idle grace-period acceleration is enabled.
[    0.000000] \x09All grace periods are expedited (rcu_expedited).
[    0.000000] \x09Tasks RCU enabled.
[    0.000000] NR_IRQS: 64, nr_irqs: 64, preallocated irqs: 0
[    0.000000] GICv3: no VLPI support, no direct LPI support
[    0.000000] GICv3: CPU0: found redistributor 0 region 0:0x0000000017a60000
[    0.000000] \x09Offload RCU callbacks from CPUs: 0-7.
[    0.000000] arch_timer: cp15 and mmio timer(s) running at 19.20MHz (virt/virt).
[    0.000000] clocksource: arch_sys_counter: mask: 0xffffffffffffff max_cycles: 0x46d987e47, max_idle_ns: 440795202767 ns
[    0.000004] sched_clock: 56 bits at 19MHz, resolution 52ns, wraps every 4398046511078ns
[    0.000022] clocksource: Switched to clocksource arch_sys_counter
[    0.002404] Console: colour dummy device 80x25
[    0.057419] allocated 50331648 bytes of page_ext
[    0.062280] Node 0, zone      DMA: page owner found early allocated 0 pages
[    0.067760] Node 0, zone   Normal: page owner found early allocated 13294 pages
[    0.072725] Calibrating delay loop (skipped), value calculated using timer frequency.. 38.40 BogoMIPS (lpj=192000)
[    0.072755] pid_max: default: 32768 minimum: 301
[    0.073222] Security Framework initialized
[    0.073244] SELinux:  Initializing.
[    0.073491] SELinux:  Starting in permissive mode
[    0.073734] Mount-cache hash table entries: 16384 (order: 5, 131072 bytes)
[    0.073837] Mountpoint-cache hash table entries: 16384 (order: 5, 131072 bytes)
[    0.080669] NOHZ: local_softirq_pending 02
[    0.084720] ASID allocator initialised with 65536 entries
[    0.087276] Hierarchical SRCU implementation.
[    0.104609] MSM Memory Dump base table set up
[    0.104679] MSM Memory Dump apps data table set up
[    0.105068] EFI services will not be available.
[    0.112232] smp: Bringing up secondary CPUs ...
[    0.133977] GICv3: CPU1: found redistributor 100 region 0:0x0000000017a80000
[    0.134037] CPU1: Booted secondary processor [51df805e]
[    0.156138] GICv3: CPU2: found redistributor 200 region 0:0x0000000017aa0000
[    0.156192] CPU2: Booted secondary processor [51df805e]
[    0.178448] GICv3: CPU3: found redistributor 300 region 0:0x0000000017ac0000
[    0.178497] CPU3: Booted secondary processor [51df805e]
[    0.200784] GICv3: CPU4: found redistributor 400 region 0:0x0000000017ae0000
[    0.200835] CPU4: Booted secondary processor [51df805e]
[    0.223314] GICv3: CPU5: found redistributor 500 region 0:0x0000000017b00000
[    0.223364] CPU5: Booted secondary processor [51df805e]
[    0.246433] CPU features: Unsupported CPU feature variation detected.
[    0.246477] GICv3: CPU6: found redistributor 600 region 0:0x0000000017b20000
[    0.246546] CPU6: Booted secondary processor [51df804e]
[    0.269948] GICv3: CPU7: found redistributor 700 region 0:0x0000000017b40000
[    0.270023] CPU7: Booted secondary processor [51df804e]
[    0.270829] smp: Brought up 1 node, 8 CPUs
[    0.270885] SMP: Total of 8 processors activated.
[    0.270898] CPU features: detected feature: GIC system register CPU interface
[    0.270909] CPU features: detected feature: Privileged Access Never
[    0.270920] CPU features: detected feature: User Access Override
[    0.270932] CPU features: detected feature: 32-bit EL0 Support
[    0.270945] CPU features: detected: Hardware dirty bit management
[    0.272171] CPU: All CPU(s) started at EL1
[    0.272282] alternatives: patching kernel code
[    0.276415] CPU7: update max cpu_capacity 1024
[    0.280130] CPU0: update max cpu_capacity 602
[    1.248231] Registered cp15_barrier emulation handler
[    1.248292] Registered setend emulation handler
[    1.249735] clocksource: jiffies: mask: 0xffffffff max_cycles: 0xffffffff, max_idle_ns: 19112604462750000 ns
[    1.250076] futex hash table entries: 2048 (order: 6, 262144 bytes)
[    1.250301] CPU7: update max cpu_capacity 1024
[    1.707499] pinctrl core: initialized pinctrl subsystem
[    1.715313] DMI not present or invalid.
[    1.719325] NET: Registered protocol family 16
[    1.730848] schedtune: configured to support 5 boost groups
[    1.744364] cpuidle: using governor menu
[    1.744491] cpuidle: using governor qcom
[    1.746899] NET: Registered protocol family 42
[    1.754377] vdso: 2 pages (1 code @ ffffff9673f06000, 1 data @ ffffff9674d84000)
[    1.754456] hw-breakpoint: found 6 breakpoint and 4 watchpoint registers.
[    1.775691] DMA: preallocated 256 KiB pool for atomic allocations
[    1.790662] exit: IPA_USB init success!
[    1.828769] sps:sps is ready.
[    1.837785] unable to find DT imem DLOAD mode node
[    1.839079] unable to find DT imem EDLOAD mode node
[    1.865625] msm_watchdog 17c10000.qcom,wdt: wdog absent resource not present
[    1.880715] msm_watchdog 17c10000.qcom,wdt: MSM Watchdog Initialized
[    1.891798] platform soc:mem_dump: assigned reserved memory node mem_dump_region
[    2.058920] platform soc:qcom,smem: assigned reserved memory node smem@86000000
[    2.066291] platform soc:qcom,msm-adsprpc-mem: assigned reserved memory node adsp_region
[    2.117567] platform 86d00000.qseecom: assigned reserved memory node qseecom_region@9e400000
[    2.128088] platform 62400000.qcom,lpass: assigned reserved memory node pil_adsp_region@95100000
[    2.140840] spmi spmi-0: PMIC arbiter version v5 (0x50000000)
[    2.141790] platform 8300000.qcom,turing: assigned reserved memory node cdsp_regions@93300000
[    2.144730] platform 4080000.qcom,mss: assigned reserved memory node modem_region@8b000000
[    2.146458] platform aae0000.qcom,venus: assigned reserved memory node pil_video_region@92e00000
[    2.147954] platform 9800000.qcom,npu: assigned reserved memory node npu_region@97080000
[    2.211671] platform soc:qcom,ipa_fws: assigned reserved memory node ips_fw_region@97100000
[    2.438525] sdmmagpie-pinctrl 3400000.pinctrl: invalid resource
[    2.669592] pm6150_l17: supplied by pm6150_l11
[    2.935353] OF: amba_device_add() failed (-16) for /soc/cti@6867000
[    3.382962] gpu_cx_gdsc: supplied by pm6150l_s2_level
[    3.408830] clk: add_opp: Set OPP pair (300000000 Hz, 572000 uv) on cpu0
[    3.416467] clk: add_opp: Set OPP pair (1804800000 Hz, 796000 uv) on cpu0
[    3.417579] clk: add_opp: Set OPP pair (300000000 Hz, 572000 uv) on cpu1
[    3.424889] clk: add_opp: Set OPP pair (1804800000 Hz, 796000 uv) on cpu1
[    3.426212] clk: add_opp: Set OPP pair (300000000 Hz, 572000 uv) on cpu2
[    3.434384] clk: add_opp: Set OPP pair (1804800000 Hz, 796000 uv) on cpu2
[    3.435636] clk: add_opp: Set OPP pair (300000000 Hz, 572000 uv) on cpu3
[    3.443129] clk: add_opp: Set OPP pair (1804800000 Hz, 796000 uv) on cpu3
[    3.444254] clk: add_opp: Set OPP pair (300000000 Hz, 572000 uv) on cpu4
[    3.452320] clk: add_opp: Set OPP pair (1804800000 Hz, 796000 uv) on cpu4
[    3.453578] clk: add_opp: Set OPP pair (300000000 Hz, 572000 uv) on cpu5
[    3.461596] clk: add_opp: Set OPP pair (1804800000 Hz, 796000 uv) on cpu5
[    3.462724] clk: add_opp: Set OPP pair (300000000 Hz, 572000 uv) on cpu6
[    3.473493] clk: add_opp: Set OPP pair (2208000000 Hz, 876000 uv) on cpu6
[    3.474674] clk: add_opp: Set OPP pair (300000000 Hz, 572000 uv) on cpu7
[    3.485323] clk: add_opp: Set OPP pair (2208000000 Hz, 876000 uv) on cpu7
[    3.490453] clk: add_opp: Set OPP pair (300000000 Hz, 568000 uv) on soc:qcom,cpu0-cpu-l3-lat
[    3.490479] clk: add_opp: Set OPP pair (300000000 Hz, 568000 uv) on soc:qcom,cpu6-cpu-l3-lat
[    3.490502] clk: add_opp: Set OPP pair (300000000 Hz, 568000 uv) on soc:qcom,cdsp-cdsp-l3-lat
[    3.517110] clk: add_opp: Set OPP pair (1459200000 Hz, 756000 uv) on soc:qcom,cpu0-cpu-l3-lat
[    3.517138] clk: add_opp: Set OPP pair (1459200000 Hz, 756000 uv) on soc:qcom,cpu6-cpu-l3-lat
[    3.517165] clk: add_opp: Set OPP pair (1459200000 Hz, 756000 uv) on soc:qcom,cdsp-cdsp-l3-lat
[    3.526934] sched-energy: Sched-energy-costs installed from DT
[    3.540153] CPU6: update max cpu_capacity 1024
[    3.540421] cpufreq: driver osm-cpufreq up and running
[    3.540451] clk: clk_cpu_osm_driver_probe: OSM CPUFreq driver inited
[    3.550138] cam_cc-sdmmagpie ad00000.qcom,camcc: Registered Camera CC clocks
[    3.551539] qmp-aop-clk soc:qcom,aopclk: Registered clocks with AOP
[    3.553207] clk-rpmh soc:qcom,rpmh: Registered RPMh clocks
[    3.557664] disp_cc-sdmmagpie af00000.qcom,dispcc: Registered Display CC clocks
[    3.571041] gcc-sdmmagpie 100000.qcom,gcc: Registered GCC clocks
[    3.574251] gpu_cc_gmu_clk_src: set OPP pair(19200000 Hz: 49 uV) on 506a000.qcom,gmu
[    3.574397] gpu_cc_gmu_clk_src: set OPP pair(200000000 Hz: 49 uV) on 506a000.qcom,gmu
[    3.575042] gpu_cc_gx_gfx3d_clk_src: set OPP pair(180000000 Hz: 49 uV) on 5000000.qcom,kgsl-3d0
[    3.576082] gpu_cc_gx_gfx3d_clk_src: set OPP pair(800000000 Hz: 385 uV) on 5000000.qcom,kgsl-3d0
[    3.576249] gpu_cc_gx_gfx3d_clk_src: set OPP pair(825000000 Hz: 417 uV) on 5000000.qcom,kgsl-3d0
[    3.576394] gpu_cc-sdmmagpie 5090000.qcom,gpucc: Registered GPU CC clocks
[    3.581982] video_cc-sdmmagpie ab00000.qcom,videocc: Registered Video CC clocks
[    3.596332] KPI: Bootloader start count = 63706
[    3.596339] KPI: Bootloader end count = 431828
[    3.596342] KPI: Bootloader display count = 5184469
[    3.596346] KPI: Bootloader load kernel count = 404343145
[    3.596351] KPI: Kernel MPM timestamp = 647238
[    3.596354] KPI: Kernel MPM Clock frequency = 32768
[    3.596374] socinfo_print: v0.15, id=365, ver=1.0, raw_id=230, raw_ver=0, hw_plat=11, hw_plat_ver=65536\x0a accessory_chip=0, hw_plat_subtype=0, pmic_model=65576, pmic_die_revision=131072 foundry_id=3 serial_number=2615085877 num_pmics=3 chip_family=0x60 raw_device_family=0x6 raw_device_number=0xc nproduct_id=0x40f num_clusters=0x1 ncluster_array_offset=0xb0 num_defective_parts=0xc ndefective_parts_array_offset=0xb4 nmodem_supported=0xff
[    3.596458] Minidump: Enabled with max number of regions 200
[    3.596551] msm_bus_fabric_rpmh_init_driver
[    3.596932] msm_bus: Probe started
[    3.598728] msm_bus_device 16e0000.ad-hoc-bus: Bus type is missing
[    3.598904] msm_bus_device 16e0000.ad-hoc-bus: Bus type is missing
[    3.598941] msm_bus_device 16e0000.ad-hoc-bus: Bus type is missing
[    3.599076] msm_bus_device 16e0000.ad-hoc-bus: Bus type is missing
[    3.606090] msm_bus: DT Parsing complete
[    3.615422] msm_bus_fab_init_noc_ops: Invalid Bus type
[    3.616575] msm_bus_fab_init_noc_ops: Invalid Bus type
[    3.616767] msm_bus_fab_init_noc_ops: Invalid Bus type
[    3.617628] msm_bus_fab_init_noc_ops: Invalid Bus type
[    3.673159] arm-smmu 5040000.arm,smmu-kgsl: regulator defer delay 80
[    3.673451] arm-smmu 5040000.arm,smmu-kgsl: \x09non-coherent table walk
[    3.673456] arm-smmu 5040000.arm,smmu-kgsl: \x09(IDR0.CTTW overridden by FW configuration)
[    3.673471] arm-smmu 5040000.arm,smmu-kgsl: \x09stream matching with 5 register groups
[    3.677187] register_client_adhoc:find path.src 161 dest 627
[    3.677822] register_client_adhoc:Client handle 1 apps_smmu
[    3.677974] arm-smmu 15000000.apps-smmu: \x09non-coherent table walk
[    3.677980] arm-smmu 15000000.apps-smmu: \x09(IDR0.CTTW overridden by FW configuration)
[    3.677994] arm-smmu 15000000.apps-smmu: \x09stream matching with 79 register groups
[    3.680063] register_client_adhoc:find path.src 161 dest 627
[    3.680669] register_client_adhoc:Client handle 2 apps_smmu
[    3.681480] register_client_adhoc:find path.src 161 dest 627
[    3.682046] register_client_adhoc:Client handle 3 apps_smmu
[    3.682767] register_client_adhoc:find path.src 22 dest 773
[    3.683096] register_client_adhoc:Client handle 4 mnoc_hf_0_tbu
[    3.683804] register_client_adhoc:find path.src 22 dest 773
[    3.684133] register_client_adhoc:Client handle 5 mnoc_hf_1_tbu
[    3.684827] register_client_adhoc:find path.src 137 dest 772
[    3.685147] register_client_adhoc:Client handle 6 mnoc_sf_0_tbu
[    3.685664] register_client_adhoc:find path.src 154 dest 10076
[    3.685892] register_client_adhoc:Client handle 7 apps_smmu
[    3.686589] register_client_adhoc:find path.src 161 dest 627
[    3.687209] register_client_adhoc:Client handle 8 apps_smmu
[    3.687981] register_client_adhoc:find path.src 161 dest 627
[    3.688614] register_client_adhoc:Client handle 9 apps_smmu
[    3.689444] vgaarb: loaded
[    3.691655] SCSI subsystem initialized
[    3.692086] usbcore: registered new interface driver usbfs
[    3.692186] usbcore: registered new interface driver hub
[    3.692382] usbcore: registered new device driver usb
[    3.693207] usb_phy_generic soc:usb_nop_phy: soc:usb_nop_phy supply vcc not found, using dummy regulator
[    3.694383] media: Linux media interface: v0.10
[    3.694469] Linux video capture interface: v2.00
[    3.694617] pps_core: LinuxPPS API ver. 1 registered
[    3.694621] pps_core: Software ver. 5.3.6 - Copyright 2005-2007 Rodolfo Giometti <giometti@linux.it>
[    3.694677] PTP clock support registered
[    3.729361] EDAC MC: Ver: 3.0.0
[    3.730307] dmi: Firmware registration failed.
[    3.731627] platform soc:qcom,ion:qcom,ion-heap@27: assigned reserved memory node qseecom_region@9e400000
[    3.731907] platform soc:qcom,ion:qcom,ion-heap@19: assigned reserved memory node qseecom_ta_region
[    3.732131] platform soc:qcom,ion:qcom,ion-heap@13: assigned reserved memory node sp_region
[    3.732456] platform soc:qcom,ion:qcom,ion-heap@10: assigned reserved memory node secure_display_region
[    3.733553] ION heap system created
[    3.734007] ION heap qsecom created at 0x000000009e400000 with size 1400000
[    3.734016] ION heap qsecom_ta created at 0x00000000f6000000 with size 1000000
[    3.734025] ION heap spss created at 0x00000000f5800000 with size 800000
[    3.734032] ION heap secure_display created at 0x00000000fa000000 with size 5c00000
[    3.748399] platform soc:qcom,ion:qcom,ion-heap@14: ion_secure_carveout: creating heap@0x9f800000, size 0x1e00000
[    3.748405] ION heap secure_carveout created
[    3.748429] ION heap secure_heap created
[    3.751905] iommu: Adding device 8c0000.qcom,qupv3_0_geni_se:qcom,iommu_qupv3_0_geni_se_cb to group 0
[    3.752737] iommu: Adding device ac0000.qcom,qupv3_1_geni_se:qcom,iommu_qupv3_1_geni_se_cb to group 1
[    3.755234] register_client_adhoc:find path.src 90 dest 512
[    3.756532] register_client_adhoc:find path.src 90 dest 585
[    3.757106] register_client_adhoc:find path.src 1 dest 676
[    3.758051] register_client_adhoc:find path.src 143 dest 777
[    3.758341] register_client_adhoc:Client handle 10 ipa
[    3.765663] ipa ipa3_smp2p_probe:6731 fail to get smp2p clk resp bit -517
[    3.767258] iommu: Adding device soc:ipa_smmu_ap to group 2
[    3.767898] iommu: Adding device soc:ipa_smmu_wlan to group 3
[    3.768317] iommu: Adding device soc:ipa_smmu_uc to group 4
[    3.771222] ipa ipa3_smp2p_probe:6731 fail to get smp2p clk resp bit -517
[    3.775107] esoc bus registration done
[    3.775338] Advanced Linux Sound Architecture Driver Initialized.
[    3.776706] Bluetooth: Core ver 2.22
[    3.776833] NET: Registered protocol family 31
[    3.776837] Bluetooth: HCI device and connection manager initialized
[    3.776853] Bluetooth: HCI socket layer initialized
[    3.776864] Bluetooth: L2CAP socket layer initialized
[    3.776968] Bluetooth: SCO socket layer initialized
[    3.778419] NetLabel: Initializing
[    3.778424] NetLabel:  domain hash size = 128
[    3.778427] NetLabel:  protocols = UNLABELED CIPSOv4 CALIPSO
[    3.778604] NetLabel:  unlabeled traffic allowed by default
[    3.778776] pcie:pcie_init.
[    3.787424] register_client_adhoc:find path.src 22 dest 512
[    3.788657] register_client_adhoc:Client handle 11 bus-proxy-client
[    3.790005] sched-energy energy-costs: cpu=0 eff=1024 [freq=300000 cap=83 power_d0=10] -> [freq=1804800 cap=494 power_d0=119]
[    3.790015] sched-energy energy-costs: cpu=1 eff=1024 [freq=300000 cap=83 power_d0=10] -> [freq=1804800 cap=494 power_d0=119]
[    3.790050] sched-energy energy-costs: cpu=2 eff=1024 [freq=300000 cap=83 power_d0=10] -> [freq=1804800 cap=494 power_d0=119]
[    3.790055] sched-energy energy-costs: cpu=3 eff=1024 [freq=300000 cap=83 power_d0=10] -> [freq=1804800 cap=494 power_d0=119]
[    3.790060] sched-energy energy-costs: cpu=4 eff=1024 [freq=300000 cap=83 power_d0=10] -> [freq=1804800 cap=494 power_d0=119]
[    3.790064] sched-energy energy-costs: cpu=5 eff=1024 [freq=300000 cap=83 power_d0=10] -> [freq=1804800 cap=494 power_d0=119]
[    3.790069] sched-energy energy-costs: cpu=6 eff=1740 [freq=300000 cap=140 power_d0=166] -> [freq=2400000 cap=1024 power_d0=2568]
[    3.790075] sched-energy energy-costs: cpu=7 eff=1740 [freq=300000 cap=140 power_d0=166] -> [freq=2400000 cap=1024 power_d0=2568]
[    3.790082] sched-energy energy-costs: Sched-energy-costs capacity updated
[    3.797550] gpu_gx_gdsc: supplied by pm6150_s2_level
[    3.804614] npu_cc-sdmmagpie 9910000.qcom,npucc: Registered NPU CC clocks
[    3.804869] ipa ipa3_smp2p_probe:6731 fail to get smp2p clk resp bit -517
[    3.805392] clocksource: Switched to clocksource arch_sys_counter
[    3.970131] VFS: Disk quotas dquot_6.6.0
[    3.970241] VFS: Dquot-cache hash table entries: 512 (order 0, 4096 bytes)
[    3.973485] debugcc-sdmmagpie soc:qcom,cc-debug: Registered debug mux successfully
[    3.975010] mdss_pll_probe: MDSS pll label = MDSS DSI 0 PLL
[    3.976648] mdss_pll ae94a00.qcom,mdss_dsi_pll: Failed to create debugfs directory
[    3.976690] mdss_pll ae94a00.qcom,mdss_dsi_pll: Failed to create debugfs directory
[    3.976715] mdss_pll ae94a00.qcom,mdss_dsi_pll: Failed to create debugfs directory
[    3.976738] mdss_pll ae94a00.qcom,mdss_dsi_pll: Failed to create debugfs directory
[    3.976761] mdss_pll ae94a00.qcom,mdss_dsi_pll: Failed to create debugfs directory
[    3.977915] dsi_pll_clock_register_10nm: Registered DSI PLL ndx=0, clocks successfully
[    3.978061] mdss_pll_probe: MDSS pll label = MDSS DSI 1 PLL
[    3.978349] mdss_pll ae96a00.qcom,mdss_dsi_pll: Failed to create debugfs directory
[    3.978366] mdss_pll ae96a00.qcom,mdss_dsi_pll: Failed to create debugfs directory
[    3.978380] mdss_pll ae96a00.qcom,mdss_dsi_pll: Failed to create debugfs directory
[    3.978410] mdss_pll ae96a00.qcom,mdss_dsi_pll: Failed to create debugfs directory
[    3.978433] mdss_pll ae96a00.qcom,mdss_dsi_pll: Failed to create debugfs directory
[    3.983532] dsi_pll_10nm_lock_status: DSI PLL(1) lock failed, status=0x00000000
[    3.989111] dsi_pll_10nm_lock_status: DSI PLL(1) lock failed, status=0x00000000
[    3.989522] dsi_pll_clock_register_10nm: Registered DSI PLL ndx=1, clocks successfully
[    3.989666] mdss_pll_probe: MDSS pll label = MDSS DP PLL
[    4.002292] NET: Registered protocol family 2
[    4.003365] TCP established hash table entries: 65536 (order: 7, 524288 bytes)
[    4.004098] TCP bind hash table entries: 65536 (order: 9, 2097152 bytes)
[    4.004718] TCP: Hash tables configured (established 65536 bind 65536)
[    4.005444] UDP hash table entries: 4096 (order: 6, 393216 bytes)
[    4.005756] UDP-Lite hash table entries: 4096 (order: 6, 393216 bytes)
[    4.006399] NET: Registered protocol family 1
[    4.006447] PCI: CLS 0 bytes, default 128
[    4.006732] ipa ipa3_smp2p_probe:6731 fail to get smp2p clk resp bit -517
[    4.013569] Freeing initrd memory: 7244K
[    4.016004] hw perfevents: enabled with armv8_pmuv3 PMU driver, 7 counters available
[    4.017870] cryptomgr_test (117) used greatest stack depth: 14648 bytes left
[    4.032922] audit: initializing netlink subsys (disabled)
[    4.033422] audit: type=2000 audit(4.029:1): state=initialized audit_enabled=0 res=1
[    4.036326] Initialise system trusted keyrings
[    4.036931] workingset: timestamp_bits=46 max_order=21 bucket_order=0
[    4.067934] Registering sdcardfs 0.1
[    4.068965] fuse init (API version 7.26)
[    4.073210] SELinux:  Registering netfilter hooks
[    4.074427] pfk_ext4 [pfk_ext4_init]: PFK EXT4 inited successfully
[    4.074432] pfk_f2fs [pfk_f2fs_init]: PFK F2FS inited successfully
[    4.074438] pfk [pfk_init]: Driver initialized successfully
[    4.087728] Key type asymmetric registered
[    4.087735] Asymmetric key parser 'x509' registered
[    4.087760] io scheduler noop registered
[    4.088303] io scheduler cfq registered (default)
[    4.088309] io scheduler mq-deadline registered
[    4.088313] io scheduler kyber registered
[    4.101600] fb0: Virtual frame buffer device, using 1024K of video memory
[    4.104732] iommu: Adding device 800000.qcom,gpi-dma to group 5
[    4.109840] iommu: Adding device a00000.qcom,gpi-dma to group 6
[    4.124390] iommu: Adding device 18800000.qcom,icnss to group 7
[    4.126435] icnss 18800000.qcom,icnss: for wcss_msa0 segments only will be dumped.
[    4.126914] icnss: Platform driver probed successfully
[    4.130899] memshare_child soc:qcom,memshare:qcom,client_1: for memshare_GPS segments only will be dumped.
[    4.131149] memshare_child soc:qcom,memshare:qcom,client_2: for memshare_FTM segments only will be dumped.
[    4.131395] memshare_child soc:qcom,memshare:qcom,client_3: for memshare_DIAG segments only will be dumped.
[    4.132340] register_client_adhoc:find path.src 125 dest 512
[    4.133575] register_client_adhoc:Client handle 12 scm_pas
[    4.133588] minidump-id not found for adsp
[    4.135568] minidump-id not found for cdsp
[    4.139965] register_client_adhoc:find path.src 63 dest 512
[    4.141137] register_client_adhoc:Client handle 13 pil-venus
[    4.141155] minidump-id not found for venus
[    4.141178] subsys-pil-tz aae0000.qcom,venus: for venus segments only will be dumped.
[    4.141358] subsys-pil-tz aae0000.qcom,venus: for md_venus segments only will be dumped.
[    4.141941] minidump-id not found for npu
[    4.141959] subsys-pil-tz 9800000.qcom,npu: for npu segments only will be dumped.
[    4.142061] subsys-pil-tz 9800000.qcom,npu: for md_npu segments only will be dumped.
[    4.142714] minidump-id not found for ipa_fws
[    4.142731] subsys-pil-tz soc:qcom,ipa_fws: for ipa_fws segments only will be dumped.
[    4.142891] subsys-pil-tz soc:qcom,ipa_fws: for md_ipa_fws segments only will be dumped.
[    4.143909] minidump-id not found for a615_zap
[    4.143923] subsys-pil-tz soc:qcom,kgsl-hyp: for a615_zap segments only will be dumped.
[    4.144112] subsys-pil-tz soc:qcom,kgsl-hyp: for md_a615_zap segments only will be dumped.
[    4.158376] smp2p_sleepstate soc:qcom,smp2p_sleepstate: got smp2p-sleepstate-in irq 356
[    4.165825] msm_geni_serial 88c000.qcom,qup_uart: Wakeup byte 0xfd
[    4.166051] msm_geni_serial 88c000.qcom,qup_uart: Serial port0 added.FifoSize 64 is_console0
[    4.166593] 88c000.qcom,qup_uart: ttyHS0 at MMIO 0x88c000 (irq = 74, base_baud = 0) is a MSM
[    4.169750] msm_geni_serial a88000.qcom,qup_uart: Serial port0 added.FifoSize 64 is_console1
[    4.169819] a88000.qcom,qup_uart: ttyMSM0 at MMIO 0xa88000 (irq = 75, base_baud = 0) is a MSM
[    7.126546] console [ttyMSM0] enabled
[    7.131341] msm_geni_serial_init: Driver initialized
[    7.132214] register_client_adhoc:find path.src 1 dest 618
[    7.138262] register_client_adhoc:Client handle 14 msm-rng-noc
[    7.144928] random: crng init done
[    7.165342] iommu: Adding device soc:kgsl_iommu_test_device to group 8
[    7.172527] iommu: Adding device soc:apps_iommu_test_device to group 9
[    7.179552] iommu: Adding device soc:apps_iommu_coherent_test_device to group 10
[    7.191008] register_client_adhoc:find path.src 20003 dest 20515
[    7.191447] register_client_adhoc:find path.src 20004 dest 20515
[    7.197928] register_client_adhoc:Client handle 15 disp_rsc_mnoc
[    7.204231] register_client_adhoc:find path.src 20001 dest 20513
[    7.210718] register_client_adhoc:Client handle 16 disp_rsc_llcc
[    7.217007] register_client_adhoc:find path.src 20000 dest 20512
[    7.223532] register_client_adhoc:Client handle 17 disp_rsc_ebi
[    7.230267] [sde_rsc_hw:rsc_hw_init:781]: sde rsc init successfully done
[    7.243275] [sde_rsc:sde_rsc_probe:1450]: sde rsc index:0 probed successfully
[    7.252143] dsi_phy ae94400.qcom,mdss_dsi_phy0: ae94400.qcom,mdss_dsi_phy0 supply gdsc not found, using dummy regulator
[    7.263510] msm-dsi-phy:[dsi_phy_driver_probe] Probe successful for dsi-phy-0
[    7.271048] dsi_phy ae96400.qcom,mdss_dsi_phy1: ae96400.qcom,mdss_dsi_phy1 supply gdsc not found, using dummy regulator
[    7.282445] msm-dsi-phy:[dsi_phy_driver_probe] Probe successful for dsi-phy-1
[    7.291420] AXI: get_pdata(): Error: Client name not found
[    7.297058] AXI: msm_bus_cl_get_pdata(): client has to provide missing entry for successful registration
[    7.306815] dsi-ctrl:[dsi_ctrl_dev_probe] Probe successful for dsi-ctrl-0
[    7.314374] AXI: get_pdata(): Error: Client name not found
[    7.320011] AXI: msm_bus_cl_get_pdata(): client has to provide missing entry for successful registration
[    7.329763] dsi-ctrl:[dsi_ctrl_dev_probe] Probe successful for dsi-ctrl-1
[    7.338078] msm-dsi-display soc:qcom,dsi-display: could not find pctldev for node /soc/qcom,spmi@c440000/qcom,pm6150l@4/pinctrl@c000/disp_pins/disp_pins_default, deferring probe
[    7.357000] iommu: Adding device ae00000.qcom,mdss_mdp to group 11
[    7.370705] iommu: Adding device 506a000.qcom,gmu:gmu_user to group 12
[    7.378561] iommu: Adding device 506a000.qcom,gmu:gmu_kernel to group 13
[    7.390686] register_client_adhoc:find path.src 26 dest 512
[    7.391387] register_client_adhoc:Client handle 18 grp3d
[    7.397208] register_client_adhoc:find path.src 26 dest 10036
[    7.403313] register_client_adhoc:Client handle 19 cnoc
[    7.409224] query_client_usecase_all: query_start
[    7.414626] query_client_usecase_all: query_start
[    7.422656] iommu: Adding device 5040000.qcom,kgsl-iommu:gfx3d_user to group 14
[    7.435426] iommu: Adding device 5040000.qcom,kgsl-iommu:gfx3d_secure to group 15
[    7.507988] brd: module loaded
[    7.531819] loop: module loaded
[    7.536068] zram: Added device: zram0
[    7.541960] QSEECOM: qseecom_probe: qseecom.qsee_version = 0x1400000
[    7.548513] QSEECOM: qseecom_retrieve_ce_data: Device does not support PFE
[    7.548520] QSEECOM: qseecom_probe: no-clock-support=0x1
[    7.555601] QSEECOM: qseecom_probe: qseecom.qsee_reentrancy_support = 2
[    7.567918] QSEECOM: qseecom_probe: qseecom.whitelist_support = 1
[    7.576580] sdmmagpie-pinctrl 3400000.pinctrl: function 'fpc_reset_gpio_low' not supported
[    7.585102] sdmmagpie-pinctrl 3400000.pinctrl: invalid function fpc_reset_gpio_low in map table
[    7.594052] sdmmagpie-pinctrl 3400000.pinctrl: function 'fpc_reset_gpio_high' not supported
[    7.602641] sdmmagpie-pinctrl 3400000.pinctrl: invalid function fpc_reset_gpio_high in map table
[    7.612100] sdmmagpie-pinctrl 3400000.pinctrl: function 'fpc_reset_gpio_low' not supported
[    7.620608] sdmmagpie-pinctrl 3400000.pinctrl: invalid function fpc_reset_gpio_low in map table
[    7.629541] sdmmagpie-pinctrl 3400000.pinctrl: function 'fpc_reset_gpio_high' not supported
[    7.638121] sdmmagpie-pinctrl 3400000.pinctrl: invalid function fpc_reset_gpio_high in map table
[    7.647165] fpc1020 soc:fpc1020: found pin control fpc1020_reset_reset
[    7.653879] fpc1020 soc:fpc1020: found pin control fpc1020_reset_active
[    7.660686] fpc1020 soc:fpc1020: found pin control fpc1020_irq_active
[    7.667903] genirq: irq_chip msmgpio-dc did not update eff. affinity mask of irq 297
[    7.675986] fpc1020 soc:fpc1020: requested irq 297
[    7.680983] fpc1020 soc:fpc1020: Enabling hardware
[    7.698094] fpc1020 soc:fpc1020: fpc1020_probe: ok
[    7.703225] fpc1020_init OK
[    7.708443] PMIC@SID0: PM6150 v2.0 options: 0, 0, 0, 0
[    7.714436] qcom,qpnp-power-on c440000.qcom,spmi:qcom,pm6150@0:qcom,power-on@800: PMIC@SID0 Power-on reason: Triggered from Hard Reset and 'cold' boot
[    7.728300] qcom,qpnp-power-on c440000.qcom,spmi:qcom,pm6150@0:qcom,power-on@800: PMIC@SID0: Power-off reason: Triggered from PS_HOLD (PS_HOLD/MSM Controlled Shutdown)
[    7.744075] input: qpnp_pon as /devices/platform/soc/c440000.qcom,spmi/spmi-0/spmi0-00/c440000.qcom,spmi:qcom,pm6150@0:qcom,power-on@800/input/input0
[    7.759634] qcom,qpnp-misc c440000.qcom,spmi:qcom,pm6150@0:qcom,misc@900: probe successful
[    7.776339] PMIC@SID4: PM8150A v2.0 options: 0, 0, 0, 0
[    7.782142] qcom,qpnp-power-on c440000.qcom,spmi:qcom,pm6150l@4:qcom,power-on@800: PMIC@SID4 Power-on reason: Triggered from PON1 (Secondary PMIC) and 'cold' boot
[    7.797059] qcom,qpnp-power-on c440000.qcom,spmi:qcom,pm6150l@4:qcom,power-on@800: PMIC@SID4: Power-off reason: Triggered from SOFT (Software)
[    7.818897] oledb: Bringing 0uV into 4925000-4925000uV
[    7.824961] ab: Bringing 0uV into 4600000-4600000uV
[    7.830657] ibb: Bringing 0uV into 800000-800000uV
[    7.836908] PMIC@SID10: PME9205 v2.0 options: 0, 0, 0, 0
[    7.844811] iommu: Adding device 1de0000.qcedev to group 16
[    7.850933] register_client_adhoc:find path.src 125 dest 512
[    7.852159] register_client_adhoc:Client handle 20 qcedev-noc
[    7.858218] QCE50: __qce_get_device_tree_data: CE operating frequency is not defined, setting to default 100MHZ
[    7.876700] qce 1de0000.qcedev: QTI Crypto 5.4.1 device found @0x1de0000
[    7.884336] sps:BAM 0x0000000001dc4000 is registered.
[    7.884620] sps:BAM 0x0000000001dc4000 (va:0xffffff8016140000) enabled: ver:0x27, number of pipes:16
[    7.899515] QCE50: qce_sps_init:  QTI MSM CE-BAM at 0x0000000001dc4000 irq 52
[    7.916527] iommu: Adding device 1de0000.qcrypto to group 17
[    7.922639] register_client_adhoc:find path.src 125 dest 512
[    7.923881] register_client_adhoc:Client handle 21 qcrypto-noc
[    7.929935] QCE50: __qce_get_device_tree_data: CE operating frequency is not defined, setting to default 100MHZ
[    7.948313] qcrypto 1de0000.qcrypto: QTI Crypto 5.4.1 device found @0x1de0000
[    7.956071] QCE50: qce_sps_init:  QTI MSM CE-BAM at 0x0000000001dc4000 irq 52
[    7.969524] qcrypto 1de0000.qcrypto: qcrypto-ecb-aes
[    7.975026] qcrypto 1de0000.qcrypto: qcrypto-cbc-aes
[    7.980488] qcrypto 1de0000.qcrypto: qcrypto-ctr-aes
[    7.985884] qcrypto 1de0000.qcrypto: qcrypto-ecb-des
[    7.991320] qcrypto 1de0000.qcrypto: qcrypto-cbc-des
[    7.996733] qcrypto 1de0000.qcrypto: qcrypto-ecb-3des
[    8.002275] qcrypto 1de0000.qcrypto: qcrypto-cbc-3des
[    8.007797] qcrypto 1de0000.qcrypto: qcrypto-xts-aes
[    8.013223] qcrypto 1de0000.qcrypto: qcrypto-sha1
[    8.018355] qcrypto 1de0000.qcrypto: qcrypto-sha256
[    8.023653] qcrypto 1de0000.qcrypto: qcrypto-aead-hmac-sha1-cbc-aes
[    8.030490] qcrypto 1de0000.qcrypto: qcrypto-aead-hmac-sha1-cbc-des
[    8.037322] qcrypto 1de0000.qcrypto: qcrypto-aead-hmac-sha1-cbc-3des
[    8.044210] qcrypto 1de0000.qcrypto: qcrypto-aead-hmac-sha256-cbc-aes
[    8.051162] qcrypto 1de0000.qcrypto: qcrypto-aead-hmac-sha256-cbc-des
[    8.058082] qcrypto 1de0000.qcrypto: qcrypto-aead-hmac-sha256-cbc-3des
[    8.065085] qcrypto 1de0000.qcrypto: qcrypto-hmac-sha1
[    8.070670] qcrypto 1de0000.qcrypto: qcrypto-hmac-sha256
[    8.076434] qcrypto 1de0000.qcrypto: qcrypto-aes-ccm
[    8.081852] qcrypto 1de0000.qcrypto: qcrypto-rfc4309-aes-ccm
[    8.088900] qcom_ice_get_device_tree_data: No vdd-hba-supply regulator, assuming not needed
[    8.100518] ufshcd-qcom 1d84000.ufshc: ufshcd_populate_vreg: Unable to find vccq-supply regulator, assuming enabled
[    8.112929] qcom_ice_get_pdevice: found ice device ffffffcf60976480
[    8.119369] qcom_ice_get_pdevice: matching platform device ffffffcf6865c280
[    8.127055] register_client_adhoc:find path.src 123 dest 512
[    8.128365] register_client_adhoc:find path.src 1 dest 757
[    8.135112] register_client_adhoc:Client handle 22 ufshc_mem
[    8.143080] scsi host0: ufshcd
[    8.157238] qcom_ice 1d90000.ufsice: QC ICE 3.1.75 device found @0xffffff80162e8000
[    8.182831] SCSI Media Changer driver v0.25 
[    8.188331] Ethernet Channel Bonding Driver: v3.7.1 (April 27, 2011)
[    8.197926] ufshcd-qcom 1d84000.ufshc: ufshcd_print_pwr_info:[RX, TX]: gear=[1, 1], lane[1, 1], pwr[SLOWAUTO_MODE, SLOWAUTO_MODE], rate = 0
[    8.199728] libphy: Fixed MDIO Bus: probed
[    8.200435] tun: Universal TUN/TAP device driver, 1.6
[    8.200550] PPP generic driver version 2.4.2
[    8.200778] PPP BSD Compression module registered
[    8.200783] PPP Deflate Compression module registered
[    8.200818] PPP MPPE Compression module registered
[    8.200823] NET: Registered protocol family 24
[    8.201836] CLD80211: Initializing
[    8.202169] usbcore: registered new interface driver asix
[    8.202254] usbcore: registered new interface driver ax88179_178a
[    8.202296] usbcore: registered new interface driver cdc_ether
[    8.202373] usbcore: registered new interface driver net1080
[    8.202444] usbcore: registered new interface driver cdc_subset
[    8.202506] usbcore: registered new interface driver zaurus
[    8.202585] usbcore: registered new interface driver cdc_ncm
[    8.210628] msm_sharedmem: msm_sharedmem_probe: Device created for client 'rmtfs'
[    8.213558] msm-usb-ssphy-qmp 88e8000.ssphy: failed to get phandle for msm_ssphy_qmp
[    8.224273] dwc3 a600000.dwc3: changing max_speed on rev 00000000
[    8.233336] msm-dwc3 a600000.ssusb: unable to get ssphy device
[    8.237139] k_sm_usb (296) used greatest stack depth: 14528 bytes left
[    8.237634] irq/333-ss_phy_ (300) used greatest stack depth: 14496 bytes left
[    8.240421] ehci_hcd: USB 2.0 'Enhanced' Host Controller (EHCI) Driver
[    8.240465] ehci-pci: EHCI PCI platform driver
[    8.240522] ehci-platform: EHCI generic platform driver
[    8.241426] ohci_hcd: USB 1.1 'Open' Host Controller (OHCI) Driver
[    8.241451] ohci-pci: OHCI PCI platform driver
[    8.241507] ohci-platform: OHCI generic platform driver
[    8.243471] usbcore: registered new interface driver usb-storage
[    8.243525] usbcore: registered new interface driver usb_ehset_test
[    8.243562] usbcore: registered new interface driver lvs
[    8.247789] qpnp-pdphy c440000.qcom,spmi:qcom,pm6150@0:qcom,usb-pdphy@1700: usbpd_create failed: -517
[    8.250582] qcom,qpnp-rtc c440000.qcom,spmi:qcom,pm6150@0:qcom,pm6150_rtc: rtc core: registered qpnp_rtc as rtc0
[    8.250907] i2c /dev entries driver
[    8.253742] i2c_geni a84000.i2c: Bus frequency not specified, default to 400KHz.
[    8.255115] i2c_geni a8c000.i2c: Bus frequency not specified, default to 400KHz.
[    8.259464] PMIC@SID0: (null) v2.0 options: 0, 0, 0, 0
[    8.259940] I2C PMIC: i2c_pmic_probe: I2C PMIC probe successful
[    8.260896] IR NEC protocol handler initialized
[    8.260898] IR RC5(x/sz) protocol handler initialized
[    8.260901] IR RC6 protocol handler initialized
[    8.260903] IR JVC protocol handler initialized
[    8.260905] IR Sony protocol handler initialized
[    8.260908] IR SANYO protocol handler initialized
[    8.260910] IR Sharp protocol handler initialized
[    8.260913] IR MCE Keyboard/mouse protocol handler initialized
[    8.260915] IR XMP protocol handler initialized
[    8.263566] iommu: Adding device 9800000.qcom,msm_npu to group 18
[    8.265391] msm_npu 9800000.qcom,msm_npu: Unable to startup the chan (-11)
[    8.265394] msm_npu: aop mailbox is not available
[    8.268991] msm_vidc:  err: Failed to get platform resources
[    8.268994] msm_vidc:  err: Failed to init core
[    8.269017] msm_vidc_v4l2: probe of aa00000.qcom,vidc0 failed with error -22
[    8.273849] iommu: Adding device aa00000.qcom,vidc1:non_secure_cb to group 19
[    8.275637] iommu: Adding device aa00000.qcom,vidc1:secure_non_pixel_cb to group 20
[    8.278106] iommu: Adding device aa00000.qcom,vidc1:secure_bitstream_cb to group 21
[    8.280618] iommu: Adding device aa00000.qcom,vidc1:secure_pixel_cb to group 22
[    8.282410] platform aa00000.qcom,vidc1:qcom,msm-vidc,mem_cdsp: assigned reserved memory node cdsp_region
[    8.288911] iommu: Adding device soc:qcom,cam_smmu:msm_cam_smmu_ife to group 23
[    8.289565] iommu: Adding device soc:qcom,cam_smmu:msm_cam_smmu_jpeg to group 24
[    8.289726] platform soc:qcom,cam_smmu:msm_cam_icp_fw: assigned reserved memory node camera_region@8ab00000
[    8.290733] iommu: Adding device soc:qcom,cam_smmu:msm_cam_smmu_icp to group 25
[    8.291342] iommu: Adding device soc:qcom,cam_smmu:msm_cam_smmu_cpas_cdm to group 26
[    8.292373] iommu: Adding device soc:qcom,cam_smmu:msm_cam_smmu_fd to group 27
[    8.292925] iommu: Adding device soc:qcom,cam_smmu:msm_cam_smmu_lrme to group 28
[    8.295874] register_client_adhoc:find path.src 1 dest 589
[    8.296880] register_client_adhoc:Client handle 23 cam_ahb
[    8.297166] register_client_adhoc:find path.src 136 dest 512
[    8.298063] register_client_adhoc:Client handle 24 cam_hf_0_mnoc
[    8.298304] register_client_adhoc:find path.src 146 dest 778
[    8.298502] register_client_adhoc:Client handle 25 cam_hf_0_camnoc
[    8.298700] register_client_adhoc:find path.src 172 dest 512
[    8.299581] register_client_adhoc:Client handle 26 cam_hf_1_mnoc
[    8.299810] register_client_adhoc:find path.src 178 dest 778
[    8.300008] register_client_adhoc:Client handle 27 cam_hf_1_camnoc
[    8.300285] register_client_adhoc:find path.src 137 dest 512
[    8.301229] register_client_adhoc:Client handle 28 cam_sf_0_mnoc
[    8.301449] register_client_adhoc:find path.src 148 dest 778
[    8.301659] register_client_adhoc:Client handle 29 cam_sf_0_camnoc
[    8.301853] register_client_adhoc:find path.src 171 dest 512
[    8.302754] register_client_adhoc:Client handle 30 cam_sf_1_mnoc
[    8.302991] register_client_adhoc:find path.src 179 dest 778
[    8.303215] register_client_adhoc:Client handle 31 cam_sf_1_camnoc
[    8.321744] CAM_ERR: CAM-IRQ-CTRL: cam_irq_controller_subscribe_irq: 268 Invalid params: bh_handler=ffffff96738cb4bc bh=0000000000000000 bh_enq_f=ffffff9674ef96f0
[    8.321771] CAM_ERR: CAM-ISP: cam_vfe_bus_deinit_hw: 3330 Failed to unsubscribe error irq rc=-22
[    8.325413] CAM_ERR: CAM-IRQ-CTRL: cam_irq_controller_subscribe_irq: 268 Invalid params: bh_handler=ffffff96738cb4bc bh=0000000000000000 bh_enq_f=ffffff9674ef96f0
[    8.325441] CAM_ERR: CAM-ISP: cam_vfe_bus_deinit_hw: 3330 Failed to unsubscribe error irq rc=-22
[    8.326480] CAM_ERR: CAM-UTIL: cam_soc_util_get_option_clk_by_name: 522 No clk named ife_dsp_clk found. Dev vfe2
[    8.326482] CAM_WARN: CAM-ISP: cam_vfe_init_soc_resources: 109 option clk get failed
[    8.327060] CAM_WARN: CAM-ISP: cam_vfe_top_ver2_init: 822 Invalid mux type: 0
[    8.327063] CAM_WARN: CAM-ISP: cam_vfe_top_ver2_init: 822 Invalid mux type: 0
[    8.328643] CAM_ERR: CAM-IRQ-CTRL: cam_irq_controller_subscribe_irq: 268 Invalid params: bh_handler=ffffff96738cb4bc bh=0000000000000000 bh_enq_f=ffffff9674ef96f0
[    8.328651] CAM_ERR: CAM-ISP: cam_vfe_bus_deinit_hw: 3330 Failed to unsubscribe error irq rc=-22
[    8.332552] CAM_INFO: CAM-ISP: cam_isp_dev_probe: 171 Camera ISP probe complete
[    8.337080] CAM_INFO: CAM: cam_res_mgr_probe: 689 Disable shared gpio support.
[    8.340626] CAM_ERR: CAM-CCI: cam_cci_platform_probe: 405 Device Type :0
[    8.342706] CAM_ERR: CAM-CCI: cam_cci_platform_probe: 405 Device Type :1
[    8.348290] CAM_INFO: CAM-ACTUATOR: cam_actuator_parse_dt: 69 No GPIO found
[    8.363129] CAM_ERR: CAM-SMMU: cam_smmu_create_add_handle_in_table: 687 Error: cam-secure already got handle 0x433d5
[    8.370161] CAM_INFO: CAM-JPEG: cam_jpeg_dev_probe: 170 Camera JPEG probe complete
[    8.370503] nq-nci 0-0028: nfcc_hw_check: - NFCC HW not Supported
[    8.370794] nq-nci 0-0028: nqx_probe: probing NFCC NQxxx exited successfully
[    8.384235] usbcore: registered new interface driver uvcvideo
[    8.384238] USB Video Class driver (1.1.1)
[    8.388312] Couldn't parse device tree rc=-517
[    8.389270] SMB1390: smb1390_probe: Couldn't parse device tree rc=-517
[    8.934217] device-mapper: uevent: version 1.0.3
[    8.939716] device-mapper: ioctl: 4.37.0-ioctl (2017-09-20) initialised: dm-devel@redhat.com
[    8.949101] bt_dt_parse_vreg_info: qca,bt-vdd-vl: is not provided in device tree
[    8.956707] bt_dt_parse_vreg_info: qca,bt-vdd-vm: is not provided in device tree
[    8.964350] bt_dt_parse_vreg_info: qca,bt-vdd-5c: is not provided in device tree
[    8.971954] bt_dt_parse_vreg_info: qca,bt-vdd-vh: is not provided in device tree
[    8.979560] bt_dt_parse_vreg_info: qca,bt-vdd-ldo: is not provided in device tree
[    8.987251] bt_dt_parse_vreg_info: qca,bt-chip-pwd: is not provided in device tree
[    8.992028] ufshcd-qcom 1d84000.ufshc: ufshcd_print_pwr_info:[RX, TX]: gear=[3, 3], lane[1, 1], pwr[FAST MODE, FAST MODE], rate = 2
[    8.995044] scsi 0:0:0:49488: Well-known LUN    SAMSUNG  KM8V7001JA-B813  0800 PQ: 0 ANSI: 6
[    8.999613] scsi 0:0:0:49456: Well-known LUN    SAMSUNG  KM8V7001JA-B813  0800 PQ: 0 ANSI: 6
[    9.004059] scsi 0:0:0:49476: Well-known LUN    SAMSUNG  KM8V7001JA-B813  0800 PQ: 0 ANSI: 6
[    9.011171] scsi 0:0:0:0: Direct-Access     SAMSUNG  KM8V7001JA-B813  0800 PQ: 0 ANSI: 6
[    9.014372] scsi 0:0:0:1: Direct-Access     SAMSUNG  KM8V7001JA-B813  0800 PQ: 0 ANSI: 6
[    9.017296] scsi 0:0:0:2: Direct-Access     SAMSUNG  KM8V7001JA-B813  0800 PQ: 0 ANSI: 6
[    9.020271] scsi 0:0:0:3: Direct-Access     SAMSUNG  KM8V7001JA-B813  0800 PQ: 0 ANSI: 6
[    9.023259] scsi 0:0:0:4: Direct-Access     SAMSUNG  KM8V7001JA-B813  0800 PQ: 0 ANSI: 6
[    9.026216] scsi 0:0:0:5: Direct-Access     SAMSUNG  KM8V7001JA-B813  0800 PQ: 0 ANSI: 6
[    9.031018] sd 0:0:0:0: [sda] Write Protect is off
[    9.031025] sd 0:0:0:0: [sda] Mode Sense: 00 32 00 10
[    9.032753] sd 0:0:0:1: [sdb] Write Protect is off
[    9.032759] sd 0:0:0:1: [sdb] Mode Sense: 00 32 00 10
[    9.035069] sd 0:0:0:2: [sdc] Write Protect is off
[    9.035077] sd 0:0:0:2: [sdc] Mode Sense: 00 32 00 10
[    9.038661] sd 0:0:0:3: [sdd] Write Protect is off
[    9.038668] sd 0:0:0:3: [sdd] Mode Sense: 00 32 00 10
[    9.040242] sd 0:0:0:4: [sde] Write Protect is off
[    9.040249] sd 0:0:0:4: [sde] Mode Sense: 00 32 00 10
[    9.040679] sda: sda1 sda2 sda3 sda4 sda5 sda6 sda7 sda8 sda9
[    9.040708] sdb: sdb1 sdb2
[    9.042616] sd 0:0:0:5: [sdf] Write Protect is off
[    9.042623] sd 0:0:0:5: [sdf] Mode Sense: 00 32 00 10
[    9.046046] sdd: sdd1 sdd2 sdd3
[    9.046294] sdc: sdc1 sdc2
[    9.048175] sde: sde1 sde2 sde3 sde4 sde5 sde6 sde7 sde8 sde9 sde10 sde11 sde12 sde13 sde14 sde15 sde16 sde17 sde18 sde19 sde20 sde21 sde22 sde23 sde24 sde25 sde26 sde27 sde28 sde29 sde30 sde31 sde32 sde33 sde34 sde35 sde36 sde37 sde38 sde39 sde40 sde41 sde42 sde43 sde44 sde45 sde46 sde47 sde48 sde49 sde50 sde51 sde52 sde53 sde54 sde55 sde56 sde57 sde58
[    9.049825] sdf: sdf1 sdf2 sdf3 sdf4 sdf5
[    9.164100] bt_power_populate_dt_pinfo: bt-reset-gpio not provided in device tree
[    9.171886] bt_dt_parse_clk_info: clocks is not provided in device tree
[    9.178680] bt_power_populate_dt_pinfo: clock not provided in device tree
[    9.188501] EDAC DEVICE0: Giving out device to module soc:kryo-erp controller cache: DEV soc:kryo-erp (INTERRUPT)
[    9.201575] EDAC DEVICE1: Giving out device to module 9200000.qcom,llcc:qcom,llcc-erp controller llcc: DEV 9200000.qcom,llcc:qcom,llcc-erp (INTERRUPT)
[    9.218287] sdhci: Secure Digital Host Controller Interface driver
[    9.224657] sdhci: Copyright(c) Pierre Ossman
[    9.229137] sdhci-pltfm: SDHCI platform and OF driver helper
[    9.238820] qcom_ice_get_pdevice: found ice device ffffffcf60e3e080
[    9.238998] qpnp_vibrator_ldo_probe: Vibrator LDO successfully registered: uV = 3000000, overdrive = disabled
[    9.240512] usbcore: registered new interface driver usbhid
[    9.240514] usbhid: USB HID core driver
[    9.241166] ashmem: initialized
[    9.242199] ipa_ut ipa_ut_module_init:1043 Loading IPA test module...
[    9.275092] qcom_ice_get_pdevice: matching platform device ffffffcf685c8680
[    9.284119] sdhci_msm 8804000.sdhci: sdhci_msm_probe: ICE device is not enabled
[    9.292642] register_client_adhoc:find path.src 81 dest 512
[    9.293922] register_client_adhoc:find path.src 1 dest 608
[    9.300591] register_client_adhoc:Client handle 32 sdhc2
[    9.319462] mmc0: SDHCI controller on 8804000.sdhci [8804000.sdhci] using 64-bit ADMA in legacy mode
[    9.364755] bimc-bwmon 90b6300.qcom,cpu-cpu-llcc-bwmon: BW HWmon governor registered.
[    9.373003] bimc-bwmon 90cd000.qcom,cpu-llcc-ddr-bwmon: BW HWmon governor registered.
[    9.383048] bimc-bwmon 9960300.qcom,npu-npu-ddr-bwmon: BW HWmon governor registered.
[    9.392084] arm-memlat-mon soc:qcom,cpu0-cpu-l3-latmon: Memory Latency governor registered.
[    9.400801] arm-memlat-mon soc:qcom,cpu6-cpu-l3-latmon: Memory Latency governor registered.
[    9.409484] arm-memlat-mon soc:qcom,cpu0-cpu-llcc-latmon: Memory Latency governor registered.
[    9.418381] arm-memlat-mon soc:qcom,cpu6-cpu-llcc-latmon: Memory Latency governor registered.
[    9.427290] arm-memlat-mon soc:qcom,cpu0-llcc-ddr-latmon: Memory Latency governor registered.
[    9.436162] arm-memlat-mon soc:qcom,cpu6-llcc-ddr-latmon: Memory Latency governor registered.
[    9.445044] arm-memlat-mon soc:qcom,cpu0-computemon: Compute governor registered.
[    9.452827] arm-memlat-mon soc:qcom,cpu6-computemon: Compute governor registered.
[    9.464859] register_client_adhoc:find path.src 1 dest 770
[    9.465249] register_client_adhoc:Client handle 33 soc:qcom,cpu-cpu-llcc-bw
[    9.473193] register_client_adhoc:find path.src 129 dest 512
[    9.480704] register_client_adhoc:Client handle 34 soc:qcom,cpu-llcc-ddr-bw
[    9.488233] register_client_adhoc:find path.src 1 dest 770
[    9.495699] register_client_adhoc:Client handle 35 soc:qcom,cpu0-cpu-llcc-lat
[    9.502732] register_client_adhoc:find path.src 1 dest 770
[    9.510344] register_client_adhoc:Client handle 36 soc:qcom,cpu6-cpu-llcc-lat
[    9.517967] register_client_adhoc:find path.src 129 dest 512
[    9.525627] register_client_adhoc:Client handle 37 soc:qcom,cpu0-llcc-ddr-lat
[    9.533501] register_client_adhoc:find path.src 129 dest 512
[    9.541176] register_client_adhoc:Client handle 38 soc:qcom,cpu6-llcc-ddr-lat
[    9.548958] register_client_adhoc:find path.src 129 dest 512
[    9.556601] register_client_adhoc:Client handle 39 soc:qcom,cpu0-cpu-ddr-latfloor
[    9.564491] register_client_adhoc:find path.src 129 dest 512
[    9.572456] register_client_adhoc:Client handle 40 soc:qcom,cpu6-cpu-ddr-latfloor
[    9.580454] register_client_adhoc:find path.src 154 dest 512
[    9.588981] register_client_adhoc:Client handle 41 soc:qcom,npu-npu-ddr-bw
[    9.595647] register_client_adhoc:find path.src 1 dest 627
[    9.603614] register_client_adhoc:Client handle 42 soc:qcom,snoc_cnoc_keepalive
[    9.611946] register_client_adhoc:find path.src 26 dest 512
[    9.620157] register_client_adhoc:Client handle 43 soc:qcom,gpubw
[    9.636062] qcom-llcc-pmu 90cc000.llcc-pmu: Registered llcc_pmu, type: 8
[    9.650253] iommu: Adding device 6048000.tmc to group 29
[    9.656974] coresight-tmc 6048000.tmc: failed to get flush cti, defer probe
[    9.665439] coresight-tmc 6047000.tmc: failed to get flush cti, defer probe
[    9.673200] coresight-tmc 6b09000.tmc: invalid cti data
[    9.691003] coresight-etm4x 7040000.etm: CPU0: ETM v0.4 initialized
[    9.698597] coresight-etm4x 7140000.etm: CPU1: ETM v0.4 initialized
[    9.706210] coresight-etm4x 7240000.etm: CPU2: ETM v0.4 initialized
[    9.713794] coresight-etm4x 7340000.etm: CPU3: ETM v0.4 initialized
[    9.721372] coresight-etm4x 7440000.etm: CPU4: ETM v0.4 initialized
[    9.728937] coresight-etm4x 7540000.etm: CPU5: ETM v0.4 initialized
[    9.736526] coresight-etm4x 7640000.etm: CPU6: ETM v0.4 initialized
[    9.744141] coresight-etm4x 7740000.etm: CPU7: ETM v0.4 initialized
[    9.753815] coresight-stm 6002000.stm: stm_register_device failed, probing deffered
[    9.762440] OF: graph: no port node found in /soc/cti@78e0000
[    9.768840] OF: graph: no port node found in /soc/cti@78f0000
[    9.775155] OF: graph: no port node found in /soc/cti@7900000
[    9.781466] OF: graph: no port node found in /soc/cti@6a02000
[    9.787750] OF: graph: no port node found in /soc/cti@6a03000
[    9.794011] OF: graph: no port node found in /soc/cti@6a10000
[    9.800386] OF: graph: no port node found in /soc/cti@6a11000
[    9.806702] OF: graph: no port node found in /soc/cti@6a12000
[    9.812976] OF: graph: no port node found in /soc/cti@69C1000
[    9.819261] OF: graph: no port node found in /soc/cti@69C2000
[    9.825605] OF: graph: no port node found in /soc/cti@6c29000
[    9.831913] OF: graph: no port node found in /soc/cti@6c2a000
[    9.838226] OF: graph: no port node found in /soc/cti@683b000
[    9.844528] OF: graph: no port node found in /soc/cti@6b04000
[    9.850805] OF: graph: no port node found in /soc/cti@6b05000
[    9.857129] OF: graph: no port node found in /soc/cti@6b06000
[    9.863496] OF: graph: no port node found in /soc/cti@6b07000
[    9.869806] OF: graph: no port node found in /soc/cti@6b21000
[    9.876097] OF: graph: no port node found in /soc/cti@6c20000
[    9.882419] OF: graph: no port node found in /soc/cti@6010000
[    9.888751] OF: graph: no port node found in /soc/cti@6011000
[    9.895082] OF: graph: no port node found in /soc/cti@6012000
[    9.901379] OF: graph: no port node found in /soc/cti@6013000
[    9.907694] OF: graph: no port node found in /soc/cti@6014000
[    9.914037] OF: graph: no port node found in /soc/cti@6015000
[    9.920385] OF: graph: no port node found in /soc/cti@6016000
[    9.926702] OF: graph: no port node found in /soc/cti@6017000
[    9.932992] OF: graph: no port node found in /soc/cti@6018000
[    9.939308] OF: graph: no port node found in /soc/cti@6019000
[    9.945653] OF: graph: no port node found in /soc/cti@601a000
[    9.951923] OF: graph: no port node found in /soc/cti@601b000
[    9.958236] OF: graph: no port node found in /soc/cti@601c000
[    9.964627] OF: graph: no port node found in /soc/cti@601d000
[    9.970936] OF: graph: no port node found in /soc/cti@601e000
[    9.977252] OF: graph: no port node found in /soc/cti@601f000
[   10.013760] OF: graph: no port node found in /soc/csr@6001000
[   10.019873] coresight-csr 6001000.csr: CSR initialized: coresight-csr
[   10.026630] OF: graph: no port node found in /soc/csr@6b0e000
[   10.032809] coresight-csr 6b0e000.csr: CSR initialized: coresight-swao-csr
[   10.040933] OF: graph: no port node found in /soc/hwevent@0x014066f0
[   10.047686] coresight-hwevent 14066f0.hwevent: Hardware Event driver initialized
[   10.056486] coresight-dummy soc:dummy_sink: Dummy device initialized
[   10.063778] coresight-dummy soc:tpdm@699c000: Dummy device initialized
[   10.072184] coresight-remote-etm soc:audio_etm0: Remote ETM initialized
[   10.079730] coresight-remote-etm soc:modem_etm0: Remote ETM initialized
[   10.087379] coresight-remote-etm soc:turing_etm0: Remote ETM initialized
[   10.094781] OF: graph: no port node found in /soc/tgu@6b0c000
[   10.104419] usbcore: registered new interface driver snd-usb-audio
[   10.111453] iommu: Adding device soc:usb_audio_qmi_dev to group 30
[   10.121776] GACT probability NOT on
[   10.125376] Mirror/redirect action on
[   10.129158] u32 classifier
[   10.131952] Actions configured
[   10.135458] Netfilter messages via NETLINK v0.30.
[   10.140929] nf_conntrack version 0.5.0 (65536 buckets, 262144 max)
[   10.147642] ctnetlink v0.93: registering with nfnetlink.
[   10.154702] xt_time: kernel timezone is -0000
[   10.159242] IPv4 over IPsec tunneling driver
[   10.164647] ip_tables: (C) 2000-2006 Netfilter Core Team
[   10.171018] arp_tables: arp_tables: (C) 2002 David S. Miller
[   10.177049] Initializing XFRM netlink socket
[   10.183166] NET: Registered protocol family 10
[   10.190389] Segment Routing with IPv6
[   10.194452] mip6: Mobile IPv6
[   10.197546] ip6_tables: (C) 2000-2006 Netfilter Core Team
[   10.204904] sit: IPv6, IPv4 and MPLS over IPv4 tunneling driver
[   10.212735] NET: Registered protocol family 17
[   10.217326] NET: Registered protocol family 15
[   10.222147] bridge: filtering via arp/ip/ip6tables is no longer available by default. Update your scripts to load br_netfilter if you need this.
[   10.235452] Ebtables v2.0 registered
[   10.239387] l2tp_core: L2TP core driver, V2.0
[   10.243882] l2tp_ppp: PPPoL2TP kernel driver, V2.0
[   10.248806] l2tp_ip: L2TP IP encapsulation support (L2TPv3)
[   10.254800] l2tp_netlink: L2TP netlink interface
[   10.259601] l2tp_eth: L2TP ethernet pseudowire support (L2TPv3)
[   10.265753] l2tp_debugfs: L2TP debugfs support
[   10.270337] l2tp_ip6: L2TP IP encapsulation support for IPv6 (L2TPv3)
[   10.277622] sctp: Hash tables configured (bind 128/128)
[   10.283715] Key type dns_resolver registered
[   10.289476] OF: graph: no port node found in /soc/qcom,dsi-display
[   10.295916] msm-dsi-panel:[dsi_panel_parse_reset_sequence:1822] RESET SEQ LENGTH = 24
[   10.304037] msm-dsi-panel:[dsi_panel_parse_misc_features:1872] dsi_panel_parse_misc_features: ulps feature enabled
[   10.314666] msm-dsi-panel:[dsi_panel_parse_misc_features:1878] dsi_panel_parse_misc_features: ulps during suspend feature disabled
[   10.314729] msm-dsi-panel:[dsi_panel_parse_esd_config:3005] ESD enabled with mode: register_read
[   10.336678] msm-usb-ssphy-qmp 88e8000.ssphy: failed to get phandle for msm_ssphy_qmp
[   10.348981] dwc3 a600000.dwc3: changing max_speed on rev 00000000
[   10.365063] sps:BAM 0x000000000a704000 is registered.
[   10.365608] msm-dwc3 a600000.ssusb: unable to get ssphy device
[   10.384209] qpnp-pdphy c440000.qcom,spmi:qcom,pm6150@0:qcom,usb-pdphy@1700: usbpd_create failed: -517
[   10.408942] of_batterydata_get_best_profile: mlp466076_3200mAh_averaged_MasterSlave_Sept28th2018 found
[   10.422375] QG-K: qg_batterydata_init: QG Battery-profile loaded, '/dev/qg_battery' created!
[   10.433655] QG-K: qg_determine_pon_soc: using SHUTDOWN_SOC @ PON ocv_uv=3708900uV soc=11
[   10.442984] (NULL device *): hwmon_device_register() is deprecated. Please convert the driver to use hwmon_device_register_with_info().
[   10.457957] QG-K: qpnp_qg_probe: QG initialized! battery_profile=mlp466076_3200mAh_averaged_MasterSlave_Sept28th2018 SOC=11 QG_subtype=4
[   10.476253] (NULL device *): hwmon_device_register() is deprecated. Please convert the driver to use hwmon_device_register_with_info().
[   10.492667] power_supply bms: driver failed to report `cc_soc' property: -22
[   10.503331] of_batterydata_get_best_profile: mlp466076_3200mAh_averaged_MasterSlave_Sept28th2018 found
[   10.526643] SMB5 status - usb:present=1 type=6 batt:present = 1 health = 1 charge = 3
[   10.534871] QPNP SMB5 probed successfully
[   10.542927] SMB1390: smb1390_probe: smb1390 probed successfully chip_version=2
[   10.552283] power_supply dc: driver failed to report `input_voltage_regulation' property: -22
[   10.579519] tmc_etr_bam_init: setting SPS_BAM_SMMU_EN flag with (6048000.tmc)
[   10.587528] sps:BAM 0x0000000006064000 is registered.
[   10.589882] coresight-tmc 6b09000.tmc: invalid cti data
[   10.602255] coresight-stm 6002000.stm: STM32 initialized with master Enabled
[   10.610892] msm-usb-ssphy-qmp 88e8000.ssphy: failed to get phandle for msm_ssphy_qmp
[   10.623291] dwc3 a600000.dwc3: changing max_speed on rev 00000000
[   10.639330] sps:BAM 0x000000000a704000 is registered.
[   10.639903] msm-dwc3 a600000.ssusb: unable to get ssphy device
[   10.655303] k_sm_usb (414) used greatest stack depth: 14328 bytes left
[   10.658634] usbpd usbpd0: Type-C Source (default) connected
[   10.660648] msm-usb-ssphy-qmp 88e8000.ssphy: No separate ID extcon device
[   10.664505] dwc3 a600000.dwc3: changing max_speed on rev 00000000
[   10.674312] sps:BAM 0x000000000a704000 is registered.
[   10.674984] register_client_adhoc:find path.src 61 dest 512
[   10.676245] register_client_adhoc:find path.src 61 dest 676
[   10.677087] register_client_adhoc:find path.src 1 dest 583
[   10.678020] register_client_adhoc:Client handle 44 usb0
[   10.679923] core_ctl: Creating CPU group 0
[   10.679926] core_ctl: Init CPU0 state
[   10.679928] core_ctl: Init CPU1 state
[   10.679930] core_ctl: Init CPU2 state
[   10.679932] core_ctl: Init CPU3 state
[   10.679934] core_ctl: Init CPU4 state
[   10.679935] core_ctl: Init CPU5 state
[   10.680618] core_ctl: Creating CPU group 6
[   10.680620] core_ctl: Init CPU6 state
[   10.680622] core_ctl: Init CPU7 state
[   10.680874] msm-usb-ssphy-qmp 88e8000.ssphy: USB DP QMP PHY: Update TYPEC CTRL(2)
[   10.681666] registered taskstats version 1
[   10.681668] Loading compiled-in X.509 certificates
[   10.682038] msm-dwc3 a600000.ssusb: DWC3 exited from low power mode
[   10.686313] Loaded X.509 cert 'Build time autogenerated kernel key: fe0c736b706c9bb55ecf9d6089ea107aac873796'
[   10.780816] kworker/u16:6 (431) used greatest stack depth: 13392 bytes left
[   10.813032] ADSPRPC: Secure VMID = 22
[   10.813038] ADSPRPC: Secure VMID = 37
[   10.817786] iommu: Adding device soc:qcom,msm_fastrpc:qcom,msm_fastrpc_compute_cb1 to group 31
[   10.832416] iommu: Adding device soc:qcom,msm_fastrpc:qcom,msm_fastrpc_compute_cb2 to group 32
[   10.843014] iommu: Adding device soc:qcom,msm_fastrpc:qcom,msm_fastrpc_compute_cb3 to group 33
[   10.853614] iommu: Adding device soc:qcom,msm_fastrpc:qcom,msm_fastrpc_compute_cb4 to group 34
[   10.864205] iommu: Adding device soc:qcom,msm_fastrpc:qcom,msm_fastrpc_compute_cb5 to group 35
[   10.874880] iommu: Adding device soc:qcom,msm_fastrpc:qcom,msm_fastrpc_compute_cb6 to group 36
[   10.885649] iommu: Adding device soc:qcom,msm_fastrpc:qcom,msm_fastrpc_compute_cb9 to group 37
[   10.896995] iommu: Adding device soc:qcom,msm_fastrpc:qcom,msm_fastrpc_compute_cb10 to group 38
[   10.907847] iommu: Adding device soc:qcom,msm_fastrpc:qcom,msm_fastrpc_compute_cb11 to group 39
[   10.918580] iommu: Adding device soc:qcom,msm_fastrpc:qcom,msm_fastrpc_compute_cb12 to group 40
[   10.929470] iommu: Adding device soc:qcom,msm_fastrpc:qcom,msm_fastrpc_compute_cb13 to group 41
[   10.940247] iommu: Adding device soc:qcom,msm_fastrpc:qcom,msm_fastrpc_compute_cb14 to group 42
[   10.951167] iommu: Adding device soc:qcom,msm_fastrpc:qcom,msm_fastrpc_compute_cb15 to group 43
[   10.963713] [drm-dp] dp_display_init_aux_switch: cannot parse qcom,dp-aux-switch handle
[   10.973601] register_client_adhoc:find path.src 1 dest 590
[   10.974531] register_client_adhoc:Client handle 45 mdss_reg
[   10.980343] register_client_adhoc:find path.src 22 dest 512
[   10.987040] register_client_adhoc:find path.src 23 dest 512
[   10.993701] register_client_adhoc:Client handle 46 mdss_sde
[   10.999590] [drm:sde_dbg_init:5171] evtlog_status: enable:3, panic:1, dump:2
[   11.012631] msm_drm ae00000.qcom,mdss_mdp: bound af20000.qcom,sde_rscc (ops sde_rsc_comp_ops)
[   11.021439] msm_drm ae00000.qcom,mdss_mdp: bound soc:qcom,wb-display@0 (ops sde_wb_comp_ops)
[   11.031038] msm-dsi-display:[dsi_display_bind] Successfully bind display panel 'dsi_sw43404_amoled_cmd_display'
[   11.041670] msm_drm ae00000.qcom,mdss_mdp: bound soc:qcom,dsi-display (ops dsi_display_comp_ops)
[   11.050716] msm_drm ae00000.qcom,mdss_mdp: bound ae90000.qcom,dp_display (ops dp_display_comp_ops)
[   11.059928] msm_drm ae00000.qcom,mdss_mdp: bound soc:qcom,dsi-display-secondary (ops dsi_display_comp_ops)
[   11.069898] [drm] mapped mdp address space @ffffff8017600000
[   11.075937] msm_drm ae00000.qcom,mdss_mdp: failed to get memory resource: vbif_nrt_phys
[   11.084359] [drm:_sde_kms_get_splash_data:3170] splash mem num_regions:1
[   11.091266] [drm:_sde_kms_get_splash_data:3205] splash mem for disp:1 add:9c000000 size:2300000
[   11.100919] [drm:sde_kms_hw_init:3331] sde hardware revision:0x50020000
[   11.109154] [drm] Created domain mdp_ns [80000000,80000000] secure=0
[   11.119994] iommu: Adding device ae00000.qcom,mdss_mdp:qcom,smmu_sde_sec_cb to group 44
[   11.128325] [drm] probing device qcom,smmu_sde_sec
[   11.133287] [drm] Created domain mdp_s [80000000,80000000] secure=1
[   11.147369] [drm-dp] dp_parser_get_vreg: no supply entry present: ???
[   11.154008] [drm-dp] dp_parser_get_vreg: no supply entry present: ???
[   11.160626] [drm-dp] dp_parser_get_vreg: no supply entry present: ???
[   11.169229] i2c i2c-3: of_i2c: modalias failure on /soc/qcom,dp_display@0/qcom,ctrl-supply-entries
[   11.178451] i2c i2c-3: Failed to create I2C device for /soc/qcom,dp_display@0/qcom,ctrl-supply-entries
[   11.188065] i2c i2c-3: of_i2c: modalias failure on /soc/qcom,dp_display@0/qcom,phy-supply-entries
[   11.197181] i2c i2c-3: Failed to create I2C device for /soc/qcom,dp_display@0/qcom,phy-supply-entries
[   11.206694] i2c i2c-3: of_i2c: modalias failure on /soc/qcom,dp_display@0/qcom,core-supply-entries
[   11.215900] i2c i2c-3: Failed to create I2C device for /soc/qcom,dp_display@0/qcom,core-supply-entries
[   11.228131] [drm-dp-mst]: dp_mst_drm_bridge_init: mst not initialized. cache encoder information
[   11.237197] [drm-dp-mst]: dp_mst_drm_bridge_init: mst not initialized. cache encoder information
[   11.246261] [drm:reg_dmav1_init_sspp_op_v4] *ERROR* invalid feature map 12 for feature 31
[   11.256188] [drm:reg_dmav1_init_sspp_op_v4] *ERROR* invalid feature map 12 for feature 31
[   11.267944] [drm:reg_dmav1_init_sspp_op_v4] *ERROR* invalid feature map 12 for feature 31
[   11.276448] [drm:reg_dmav1_init_sspp_op_v4] *ERROR* invalid feature map 12 for feature 31
[   11.289072] [drm] Supports vblank timestamp caching Rev 2 (21.10.2013).
[   11.295882] [drm] No driver support for vblank timestamp query.
[   11.306621] [drm] Initialized msm_drm 1.2.0 20130625 for ae00000.qcom,mdss_mdp on minor 0
[   11.315186] msm-dsi-panel:[dsi_panel_parse_topology:2630] default topology: lm: 2 comp_enc:2 intf: 1
[   11.324799] msm-dsi-panel:[dsi_panel_parse_partial_update_caps:2730] partial update num_rois=1 enabled=1
[   11.334537] msm-dsi-panel:[dsi_panel_parse_roi_alignment:2684] roi alignment: [720, 180, 180, 180, 1440, 180]
[   11.345002] dsi-ctrl:[_dsi_ctrl_setup_isr] [DSI_0] IRQ 471 registered
[   11.355365] sde_mdp_parse_dt_prop_len: <SDEROT_INFO> prop qcom,mdss-inline-rot-qos-lut : doesn't exist in device tree
[   11.366282] sde_mdp_parse_dt_prop_len: <SDEROT_INFO> prop qcom,mdss-inline-rot-danger-lut : doesn't exist in device tree
[   11.377458] sde_mdp_parse_dt_prop_len: <SDEROT_INFO> prop qcom,mdss-inline-rot-safe-lut : doesn't exist in device tree
[   11.388577] register_client_adhoc:find path.src 1 dest 590
[   11.389598] register_client_adhoc:Client handle 47 sde_reg
[   11.395909] iommu: Adding device ae00000.qcom,mdss_rotator:qcom,smmu_rot_unsec_cb to group 45
[   11.410407] sde_smmu_probe: <SDEROT_INFO> iommu v2 domain[0] mapping and clk register successful!
[   11.420093] iommu: Adding device ae00000.qcom,mdss_rotator:qcom,smmu_rot_sec_cb to group 46
[   11.428746] sde_smmu_probe: <SDEROT_INFO> iommu v2 domain[1] mapping and clk register successful!
[   11.438172] register_client_adhoc:find path.src 25 dest 512
[   11.439226] register_client_adhoc:Client handle 48 mdss_rotator
[   11.445053] register_client_adhoc:find path.src 1 dest 590
[   11.452032] register_client_adhoc:Client handle 49 mdss_rot_reg
[   11.458078] No change in context(0==0), skip
[   11.471510] sde_rotator_evtlog_create_debugfs: evtlog_status: enable:1, panic:1, dump:2
[   11.484838] sde_rotator ae00000.qcom,mdss_rotator: <SDEROT_INFO> SDE v4l2 rotator probe success
[   11.496329] iommu: Adding device 62e40000.slim:qcom,iommu_slim_ctrl_cb to group 47
[   11.510303] input: gpio-keys as /devices/platform/soc/soc:gpio_keys/input/input1
[   11.550382] Can not lookup pmx_ts_release pinstate -19
[   11.556177] input: fts as /devices/platform/soc/a84000.i2c/i2c-1/1-0049/input/input2
[   11.654528] [ FTS ] FW VERSION = 0992
[   11.658297] [ FTS ] CONFIG ID = 00A4
[   11.663504] [ FTS ] Probe Finished!
[   11.668972] qcom,qpnp-rtc c440000.qcom,spmi:qcom,pm6150@0:qcom,pm6150_rtc: setting system clock to 1970-01-01 04:10:15 UTC (15015)
[   11.686426] lpm_levels: register_cluster_lpm_stats()
[   11.691806] lpm_levels: register_cluster_lpm_stats()
[   11.708316] rmnet_ipa3 started initialization
[   11.714554] RNDIS_IPA module is loaded.
[   11.715623] msm_bus_late_init: Remove handoff bw requests
[   11.726319] dbu1: disabling
[   11.729259] regulator_proxy_consumer_remove_all: removing regulator proxy consumer requests
[   11.737991] ALSA device list:
[   11.741064] No soundcards found.
[   11.751797] EXT4-fs (sda6): mounted filesystem without journal. Opts: (null)
[   11.759100] VFS: Mounted root (ext4 filesystem) readonly on device 8:6.
[   11.772346] Freeing unused kernel memory: 7296K
[   11.804090] init: init first stage started!
[   11.809547] init: Using Android DT directory /proc/device-tree/firmware/android/
[   11.820698] init: [libfs_mgr]fs_mgr_read_fstab_default(): failed to find device default fstab
[   11.985190] init: [libfs_mgr]Returning avb_handle with status: 2
[   11.991425] init: [libfs_mgr]AVB HASHTREE disabled on: /vendor
[   12.002261] EXT4-fs (sde16): mounted filesystem without journal. Opts: barrier=1,discard
[   12.010672] init: [libfs_mgr]__mount(source=/dev/block/platform/soc/1d84000.ufshc/by-name/vendor_a,target=/vendor,type=ext4)=0: Success
[   12.023378] init: Skipped setting INIT_AVB_VERSION (not in recovery mode)
[   12.030510] init: Loading SELinux policy
[   12.108408] SELinux: 16384 avtab hash slots, 41085 rules.
[   12.293242] SELinux: 16384 avtab hash slots, 41085 rules.
[   12.293412] SELinux:  1 users, 4 roles, 2173 types, 0 bools, 1 sens, 1024 cats
[   12.293421] SELinux:  93 classes, 41085 rules
[   12.312864] SELinux:  Class process2 not defined in policy.
[   12.318800] SELinux:  Class infiniband_pkey not defined in policy.
[   12.325191] SELinux:  Class infiniband_endport not defined in policy.
[   12.331810] SELinux: the above unknown classes and permissions will be denied
[   12.339294] SELinux:  policy capability network_peer_controls=1
[   12.345399] SELinux:  policy capability open_perms=1
[   12.350535] SELinux:  policy capability extended_socket_class=1
[   12.356617] SELinux:  policy capability always_check_network=0
[   12.362634] SELinux:  policy capability cgroup_seclabel=0
[   12.368182] SELinux:  policy capability nnp_nosuid_transition=0
[   12.374293] SELinux:  Completing initialization.
[   12.374296] SELinux:  Setting up existing superblocks.
[   12.480074] of_batterydata_get_best_profile: mlp466076_3200mAh_averaged_MasterSlave_Sept28th2018 found
[   12.489641] QCOM-STEPCHG: read_range_data_from_node: Count qcom,step-chg-ranges failed, rc=-22
[   12.600068] audit: type=1403 audit(15016.419:2): policy loaded auid=4294967295 ses=4294967295
[   12.601124] selinux: SELinux: Loaded policy from /vendor/etc/selinux/precompiled_sepolicy\x0a
[   12.615341] selinux: SELinux: Loaded file_contexts\x0a
[   12.618956] init: init second stage started!
[   12.629724] audit: type=1404 audit(15016.429:3): enforcing=1 old_enforcing=0 auid=4294967295 ses=4294967295
[   12.655807] init: Using Android DT directory /proc/device-tree/firmware/android/
[   12.669336] selinux: SELinux: Loaded file_contexts\x0a
[   12.675877] init: Running restorecon...
[   12.688914] init: waitid failed: No child processes
[   12.699910] init: Couldn't load property file '/odm/default.prop': open() failed: No such file or directory: No such file or directory
[   12.714894] init: Created socket '/dev/socket/property_service', mode 666, user 0, group 0
[   12.726110] init: Forked subcontext for 'u:r:vendor_init:s0' with pid 497
[   12.735592] init: Forked subcontext for 'u:r:vendor_init:s0' with pid 498
[   12.742764] init: Parsing file /init.rc...
[   12.819934] ueventd: ueventd started!
[   12.831506] selinux: SELinux: Loaded file_contexts\x0a
[   12.838679] ueventd: Parsing file /ueventd.rc...
[   12.844442] ueventd: Parsing file /vendor/ueventd.rc...
[   12.857267] ueventd: Parsing file /odm/ueventd.rc...
[   12.862429] ueventd: Unable to read config file '/odm/ueventd.rc': open() failed: No such file or directory
[   12.872485] ueventd: Parsing file /ueventd.qcom.rc...
[   12.877706] ueventd: Unable to read config file '/ueventd.qcom.rc': open() failed: No such file or directory
[   12.972295] Loaded msm_11ad_proxy: module init layout addresses range: 0xffffff8388ba2000-0xffffff8388ba5fff
[   12.982445] msm_11ad_proxy: core layout addresses range: 0xffffff8388b99000-0xffffff8388ba0fff
[   12.995102] modprobe (500) used greatest stack depth: 11136 bytes left
[   13.030997] wglink_dlkm: loading out-of-tree module taints kernel.
[   13.039588] Loaded wglink_dlkm: module init layout addresses range: 0xffffff8388bad000-0xffffff8388baffff
[   13.049463] wglink_dlkm: core layout addresses range: 0xffffff8388ba7000-0xffffff8388babfff
[   13.061965] Loaded q6_pdr_dlkm: module init layout addresses range: 0xffffff8388bb6000-0xffffff8388bb7fff
[   13.071805] q6_pdr_dlkm: core layout addresses range: 0xffffff8388bb1000-0xffffff8388bb4fff
[   13.084776] Loaded q6_notifier_dlkm: module init layout addresses range: 0xffffff8388bbf000-0xffffff8388bc1fff
[   13.095090] q6_notifier_dlkm: core layout addresses range: 0xffffff8388bb9000-0xffffff8388bbdfff
[   13.108005] Loaded snd_event_dlkm: module init layout addresses range: 0xffffff8388bc8000-0xffffff8388bc9fff
[   13.118139] snd_event_dlkm: core layout addresses range: 0xffffff8388bc3000-0xffffff8388bc6fff
[   13.131793] apr_dlkm: no symbol version for snd_event_notify
[   13.140716] Loaded apr_dlkm: module init layout addresses range: 0xffffff8388c07000-0xffffff8388c0afff
[   13.150368] apr_dlkm: core layout addresses range: 0xffffff8388bcb000-0xffffff8388c05fff
[   13.164213] Loaded adsp_loader_dlkm: module init layout addresses range: 0xffffff8388c11000-0xffffff8388c12fff
[   13.174601] adsp_loader_dlkm: core layout addresses range: 0xffffff8388c0c000-0xffffff8388c0ffff
[   13.191961] power_supply bms: driver failed to report `cc_soc' property: -22
[   13.199224] synth uevent: /devices/platform/soc/c440000.qcom,spmi/spmi-0/spmi0-00/c440000.qcom,spmi:qcom,pm6150@0:qpnp,qg/power_supply/bms: failed to send uevent
[   13.199230] power_supply bms: uevent: failed to send synthetic uevent
[   13.226255] power_supply dc: driver failed to report `input_voltage_regulation' property: -22
[   13.235184] synth uevent: /devices/platform/soc/c440000.qcom,spmi/spmi-0/spmi0-00/c440000.qcom,spmi:qcom,pm6150@0:qcom,qpnp-smb5/power_supply/dc: failed to send uevent
[   13.235191] power_supply dc: uevent: failed to send synthetic uevent
[   13.246763] Loaded q6_dlkm: module init layout addresses range: 0xffffff8388d1b000-0xffffff8388d44fff
[   13.246766] q6_dlkm: core layout addresses range: 0xffffff8388c14000-0xffffff8388d19fff
[   13.424688] Loaded platform_dlkm: module init layout addresses range: 0xffffff8388f75000-0xffffff8388fc1fff
[   13.434808] platform_dlkm: core layout addresses range: 0xffffff8388d46000-0xffffff8388f73fff
[   13.467566] Loaded native_dlkm: module init layout addresses range: 0xffffff8388ffb000-0xffffff8389004fff
[   13.477409] native_dlkm: core layout addresses range: 0xffffff8388fc3000-0xffffff8388ff9fff
[   13.494873] Loaded usf_dlkm: module init layout addresses range: 0xffffff8389017000-0xffffff838901afff
[   13.504478] usf_dlkm: core layout addresses range: 0xffffff8389006000-0xffffff8389015fff
[   13.518739] Loaded pinctrl_wcd_dlkm: module init layout addresses range: 0xffffff8389021000-0xffffff8389022fff
[   13.529149] pinctrl_wcd_dlkm: core layout addresses range: 0xffffff838901c000-0xffffff838901ffff
[   13.548163] Loaded pinctrl_lpi_dlkm: module init layout addresses range: 0xffffff838902a000-0xffffff838902cfff
[   13.558574] pinctrl_lpi_dlkm: core layout addresses range: 0xffffff8389024000-0xffffff8389028fff
[   13.573023] Loaded swr_dlkm: module init layout addresses range: 0xffffff8389036000-0xffffff8389039fff
[   13.600126] swr_dlkm: core layout addresses range: 0xffffff838902e000-0xffffff8389034fff
[   13.625597] Loaded hdmi_dlkm: module init layout addresses range: 0xffffff8389041000-0xffffff8389043fff
[   13.650138] hdmi_dlkm: core layout addresses range: 0xffffff838903b000-0xffffff838903ffff
[   13.667517] Loaded wcd_spi_dlkm: module init layout addresses range: 0xffffff838904d000-0xffffff838904ffff
[   13.677650] wcd_spi_dlkm: core layout addresses range: 0xffffff8389045000-0xffffff838904bfff
[   13.698237] Loaded stub_dlkm: module init layout addresses range: 0xffffff8389056000-0xffffff8389057fff
[   13.708042] stub_dlkm: core layout addresses range: 0xffffff8389051000-0xffffff8389054fff
[   13.751848] Loaded wcd_core_dlkm: module init layout addresses range: 0xffffff8389081000-0xffffff838908afff
[   13.761933] wcd_core_dlkm: core layout addresses range: 0xffffff8389059000-0xffffff838907ffff
[   13.776456] Loaded wsa881x_dlkm: module init layout addresses range: 0xffffff838909b000-0xffffff838909efff
[   13.786543] wsa881x_dlkm: core layout addresses range: 0xffffff838908c000-0xffffff8389099fff
[   13.793505] [ FTS ] fts_fw_update_auto: no firmware file or no newer firmware!
[   13.809271] Loaded bolero_cdc_dlkm: module init layout addresses range: 0xffffff83890ab000-0xffffff83890adfff
[   13.819501] bolero_cdc_dlkm: core layout addresses range: 0xffffff83890a0000-0xffffff83890a9fff
[   13.836188] Loaded swr_ctrl_dlkm: module init layout addresses range: 0xffffff83890bd000-0xffffff83890c0fff
[   13.846244] swr_ctrl_dlkm: core layout addresses range: 0xffffff83890af000-0xffffff83890bbfff
[   13.862788] Loaded wsa_macro_dlkm: module init layout addresses range: 0xffffff83890d4000-0xffffff83890d8fff
[   13.872918] wsa_macro_dlkm: core layout addresses range: 0xffffff83890c2000-0xffffff83890d2fff
[   13.888770] Loaded va_macro_dlkm: module init layout addresses range: 0xffffff83890eb000-0xffffff83890eefff
[   13.898827] va_macro_dlkm: core layout addresses range: 0xffffff83890da000-0xffffff83890e9fff
[   13.916070] Loaded rx_macro_dlkm: module init layout addresses range: 0xffffff838910a000-0xffffff838910ffff
[   13.926147] rx_macro_dlkm: core layout addresses range: 0xffffff83890f0000-0xffffff8389108fff
[   13.942121] Loaded tx_macro_dlkm: module init layout addresses range: 0xffffff8389122000-0xffffff8389125fff
[   13.952158] tx_macro_dlkm: core layout addresses range: 0xffffff8389111000-0xffffff8389120fff
[   13.983474] Loaded wcd9xxx_dlkm: module init layout addresses range: 0xffffff838913d000-0xffffff8389143fff
[   13.993537] wcd9xxx_dlkm: core layout addresses range: 0xffffff8389127000-0xffffff838913bfff
[   14.010311] Loaded mbhc_dlkm: module init layout addresses range: 0xffffff838915a000-0xffffff838915ffff
[   14.019961] mbhc_dlkm: core layout addresses range: 0xffffff8389145000-0xffffff8389158fff
[   14.050393] Loaded wcd934x_dlkm: module init layout addresses range: 0xffffff83891cc000-0xffffff83891defff
[   14.060318] wcd934x_dlkm: core layout addresses range: 0xffffff8389161000-0xffffff83891cafff
[   14.077643] Loaded wcd937x_dlkm: module init layout addresses range: 0xffffff83891f8000-0xffffff83891fdfff
[   14.087627] wcd937x_dlkm: core layout addresses range: 0xffffff83891e0000-0xffffff83891f6fff
[   14.110817] Loaded machine_dlkm: module init layout addresses range: 0xffffff8389237000-0xffffff838923ffff
[   14.120783] machine_dlkm: core layout addresses range: 0xffffff83891ff000-0xffffff8389235fff
[   14.133067] Loaded wcd937x_slave_dlkm: module init layout addresses range: 0xffffff8389246000-0xffffff8389247fff
[   14.143552] wcd937x_slave_dlkm: core layout addresses range: 0xffffff8389241000-0xffffff8389244fff
[   14.530778] ueventd: Coldboot took 1.639 seconds
[   14.543042] Trying to create more than 5 SchedTune boosting groups
[   14.584643] Registered swp emulation handler
[   14.598147] init: wait for '/dev/block/platform/soc/1d84000.ufshc' took 0ms
[   14.646201] EXT4-fs (sde9): mounted filesystem with ordered data mode. Opts: barrier=1
[   14.670558] EXT4-fs (sda2): mounted filesystem with ordered data mode. Opts: barrier=1
[   14.757499] logd.auditd: start
[   14.760753] logd.klogd: 14760713379
[   15.502786] type=1400 audit(15019.329:4): avc: denied { setattr } for pid=1 comm="init" name="slabinfo" dev="proc" ino=4026532124 scontext=u:r:init:s0 tcontext=u:object_r:proc:s0 tclass=file permissive=0
[   15.511041] IPA smmu_info.s1_bypass_arr[AP]=1 smmu_info.fast_map=1
[   15.511620] IPA smmu_info.s1_bypass_arr[WLAN]=1 smmu_info.fast_map=1
[   15.513319] IPA smmu_info.s1_bypass_arr[UC]=1 smmu_info.fast_map=1
[   15.514228] ipa ipa3_uc_state_check:281 uC interface not initialized
[   15.552741] wait_for_keymaster: Waiting for Keymaster device
[   15.575352] wait_for_keymaster: List of Keymaster HALs found:
[   15.581740] wait_for_keymaster: Keymaster HAL #1: Keymaster HAL: 4 from QTI SecurityLevel: TRUSTED_ENVIRONMENT HAL: android.hardware.keymaster@4.0::IKeymasterDevice/default
[   15.601718] wait_for_keymaster: Computing HMAC with params { (seed: 232fda778a7e43227a275f04e98d2ef1a7f3481b3dbff3149e9b98da2d91da7, nonce: 8f9c24fc6e7b74e84acd945efbccd8fdde3af1f62b4368f0207930d2d619dc) }
[   15.601736] wait_for_keymaster: Computing HMAC for Keymaster HAL: 4 from QTI SecurityLevel: TRUSTED_ENVIRONMENT HAL: android.hardware.keymaster@4.0::IKeymasterDevice/default
[   15.604642] wait_for_keymaster: Using Keymaster HAL: 4 from QTI for encryption.  Security level: TRUSTED_ENVIRONMENT, HAL: android.hardware.keymaster@4.0::IKeymasterDevice/default
[   15.621127] wait_for_keymaster: Keymaster device ready
[   15.629587] ueventd: firmware: loading 'ipa_fws.mdt' for '/devices/platform/soc/soc:qcom,ipa_fws/firmware/ipa_fws.mdt'
[   15.647315] subsys-pil-tz soc:qcom,ipa_fws: ipa_fws: loading from 0x0000000097100000 to 0x0000000097105000
[   15.678468] fsck.f2fs: Info: Fix the reported corruption.\x0a
[   15.687621] fsck.f2fs: \x09Info: No support kernel version!\x0a
[   15.694878] fsck.f2fs: Info: Segments per section = 1\x0a
[   15.701639] fsck.f2fs: Info: Sections per zone = 1\x0a
[   15.708081] fsck.f2fs: Info: sector size = 4096\x0a
[   15.714304] fsck.f2fs: Info: total sectors = 28534231 (111461 MB)\x0a
[   15.722098] fsck.f2fs: Info: MKFS version\x0a
[   15.727741] fsck.f2fs:   "3.13.0-153-generic #203-Ubuntu SMP Thu Jun 14 08:52:28 UTC 2018"\x0a
[   15.737763] fsck.f2fs: Info: FSCK version\x0a
[   15.743416] fsck.f2fs:   from "4.14.83+ #1 SMP PREEMPT Tue Feb 19 13:18:30 PST 2019"\x0a
[   15.833606] subsys-pil-tz soc:qcom,ipa_fws: ipa_fws: Brought out of reset
[   15.840949] F2FS-fs (sda9): Found nat_bits in checkpoint
[   15.841015] IPA FW loaded successfully
[   15.841249] ipa ipa3_uc_state_check:281 uC interface not initialized
[   15.846665] gsi soc:qcom,msm_gsi: gsi_register_device:1122 GSI irq is wake enabled 69
[   15.881699] rmnet_ipa3 started initialization
[   15.886184] IPA SSR support = True
[   15.889688] IPA is_platform_type_msm = True
[   15.894371] IPA driver initialization was successful.
[   15.899578] IPA SG support = True
[   15.903073] IPA Napi Enable = True
[   15.906578] using default for wan-rx-desc-size = 256
[   15.919884] ipa-wan ipa3_wwan_probe:2575 rmnet_ipa completed initialization
[   15.933397] F2FS-fs (sda9): Mounted with checkpoint version = 5b0cdc9d
[   15.942612] init: 7 output lines suppressed due to ratelimiting
[   15.969870] vdc: Waited 0ms for vold
[   16.110330] vdc: Waited 0ms for vold
[   16.234164] type=1400 audit(15019.329:5): avc: denied { setattr } for pid=1 comm="init" name="slabinfo" dev="proc" ino=4026532124 scontext=u:r:init:s0 tcontext=u:object_r:proc:s0 tclass=file permissive=0
[   16.252886] type=1400 audit(15020.059:6): avc: denied { write } for pid=497 comm="init" name="/" dev="sda9" ino=3 scontext=u:r:vendor_init:s0 tcontext=u:object_r:system_data_file:s0 tclass=dir permissive=0
[   16.272205] type=1400 audit(15020.059:7): avc: denied { write } for pid=497 comm="init" name="/" dev="sda9" ino=3 scontext=u:r:vendor_init:s0 tcontext=u:object_r:system_data_file:s0 tclass=dir permissive=0
[   16.291034] type=1400 audit(15020.079:8): avc: denied { setattr } for pid=497 comm="init" name="tombstones" dev="sda9" ino=260 scontext=u:r:vendor_init:s0 tcontext=u:object_r:tombstone_data_file:s0 tclass=dir permissive=0
[   16.315206] update_verifier: Started with arg 1: nonencrypted
[   16.326305] update_verifier: Booting slot 0: isSlotMarkedSuccessful=1
[   16.332977] update_verifier: Leaving update_verifier.
[   16.361110] subsys-pil-tz 62400000.qcom,lpass: adsp: loading from 0x0000000095100000 to 0x0000000096f00000
[   16.361907] subsys-pil-tz 8300000.qcom,turing: cdsp: loading from 0x0000000093300000 to 0x0000000095100000
[   16.409348] logd.daemon: reinit
[   16.622604] subsys-pil-tz 62400000.qcom,lpass: adsp: Brought out of reset
[   16.637535] subsys-pil-tz 62400000.qcom,lpass: Subsystem error monitoring/handling services are up
[   16.646884] subsys-pil-tz 62400000.qcom,lpass: adsp: Power/Clock ready interrupt received
[   16.651829] subsys-pil-tz 8300000.qcom,turing: cdsp: Brought out of reset
[   16.658401] subsys-pil-tz 8300000.qcom,turing: Subsystem error monitoring/handling services are up
[   16.658480] adsprpc: fastrpc_rpmsg_probe: opened rpmsg channel for adsp
[   16.663079] subsys-pil-tz 8300000.qcom,turing: cdsp: Power/Clock ready interrupt received
[   16.668589] apr_tal_rpmsg qcom,glink:adsp.apr_audio_svc.-1.-1: apr_tal_rpmsg_probe: Channel[apr_audio_svc] state[Up]
[   16.709653] msm_cdsp_rm soc:qcom,glink:cdsp:qcom,msm_cdsprm_rpmsg:qcom,msm_cdsp_rm: CDSP request manager driver probe called
[   16.733142] adsprpc: fastrpc_rpmsg_probe: opened rpmsg channel for cdsp
[   16.750719] fastcvpd_rpmsg_probe: Successfully probed. cdsp_state=0 video_shutdown=0
[   17.270412] healthd: Unknown power supply type 'Charge_Pump'
[   17.276489] healthd: Unknown power supply type 'BMS'
[   17.291467] healthd: Unknown power supply type 'Main'
[   17.304612] healthd: battery l=11 v=3769 t=31.8 h=2 st=2 c=613 fc=3306000 cc=0 chg=a
[   17.392457] healthd: Unknown power supply type 'Charge_Pump'
[   17.410883] healthd: Unknown power supply type 'BMS'
[   17.430987] healthd: Unknown power supply type 'Main'
[   17.443429] android.hardware.health@2.0-impl: wakealarm_init: timerfd_create failed
[   17.457899] healthd: battery l=11 v=3764 t=31.8 h=2 st=2 c=577 fc=3306000 cc=0 chg=a
[   17.659926] init: starting service 'tui_comm-1-0'...
[   17.671296] init: starting service 'secureelement-hal'...
[   17.680706] init: Command 'class_start hal' action=boot (/init.rc:681) took 484ms and succeeded
[   17.716139] init: starting service 'qcom-c_core-sh'...
[   17.718416] type=1400 audit(15020.079:8): avc: denied { setattr } for pid=497 comm="init" name="tombstones" dev="sda9" ino=260 scontext=u:r:vendor_init:s0 tcontext=u:object_r:tombstone_data_file:s0 tclass=dir permissive=0
[   17.718439] type=1400 audit(15021.539:9): avc: denied { read } for pid=654 comm="android.hardwar" name="name" dev="sysfs" ino=52571 scontext=u:r:hal_graphics_composer_default:s0 tcontext=u:object_r:sysfs:s0 tclass=file permissive=0
[   17.779427] init: starting service 'vendor.qrtr-ns'...
[   17.796171] init: starting service 'irsc_util'...
[   17.811206] kgsl kgsl-3d0: loading /vendor/firmware_mnt/image/a630_sqe.fw failed with error -13
[   17.813745] init: starting service 'vendor.rmt_storage'...
[   17.817314] init: starting service 'vendor.tftp_server'...
[   17.820810] init: starting service 'vendor-sensor-sh'...
[   17.824060] init: Could not start service 'esepmdaemon' as part of class 'core': Cannot find '/system/vendor/bin/esepmdaemon': No such file or directory
[   17.869052] ueventd: firmware: loading 'a630_sqe.fw' for '/devices/platform/soc/5000000.qcom,kgsl-3d0/kgsl/kgsl-3d0/a630_sqe.fw'
[   17.883581] ueventd: loading /devices/platform/soc/5000000.qcom,kgsl-3d0/kgsl/kgsl-3d0/a630_sqe.fw took 23ms
[   17.883919] kgsl kgsl-3d0: loading /vendor/firmware_mnt/image/a630_gmu.bin failed with error -13
[   17.901180] ueventd: firmware: loading 'a630_gmu.bin' for '/devices/platform/soc/5000000.qcom,kgsl-3d0/kgsl/kgsl-3d0/a630_gmu.bin'
[   17.910360] ueventd: loading /devices/platform/soc/5000000.qcom,kgsl-3d0/kgsl/kgsl-3d0/a630_gmu.bin took 9ms
[   17.912659] rmt_storage:INFO:check_support_using_libmdm: Modem subsystem found on target!
[   17.916900] rmt_storage:INFO:main: Done with init now waiting for messages!
[   17.923153] QSEECOM: qseecom_load_app: App (soter64) does'nt exist, loading apps for first time
[   17.939839] sysmon-qmi: ssctl_new_server: Connection established between QMI handle and adsp's SSCTL service
[   17.944790] diag: In diag_send_peripheral_buffering_mode, buffering flag not set for 1
[   17.949058] QSEECOM: qseecom_load_app: App with id 3 (soter64) now loaded
[   17.956181] diag: In diag_send_peripheral_buffering_mode, buffering flag not set for 5
[   17.992093] sysmon-qmi: ssctl_new_server: Connection established between QMI handle and cdsp's SSCTL service
[   17.992858] coresight-remote-etm soc:turing_etm0: Connection established between QMI handle and 13 service
[   17.995721] coresight-remote-etm soc:audio_etm0: Connection established between QMI handle and 5 service
[   18.016497] servloc: service_locator_new_server: Connection established with the Service locator
[   18.030972] servloc: init_service_locator: Service locator initialized
[   18.032807] cam-a5 ac00000.qcom,a5: loading /vendor/firmware_mnt/image/CAMERA_ICP.elf failed with error -13
[   18.045935] subsys-pil-tz soc:qcom,kgsl-hyp: loading /vendor/firmware_mnt/image/a615_zap.mdt failed with error -13
[   18.053642] ueventd: firmware: loading 'a615_zap.mdt' for '/devices/platform/soc/soc:qcom,kgsl-hyp/firmware/a615_zap.mdt'
[   18.054144] ueventd: firmware: loading 'CAMERA_ICP.elf' for '/devices/platform/soc/ac00000.qcom,a5/firmware/CAMERA_ICP.elf'
[   18.057678] ueventd: loading /devices/platform/soc/soc:qcom,kgsl-hyp/firmware/a615_zap.mdt took 4ms
[   18.059852] sps:BAM 0x0000000062e04000 (va:0x0000000000000000) enabled: ver:0x19, number of pipes:13
[   18.059861] sps:BAM 0x0000000062e04000 is registered.
[   18.060439] ADSPRPC: audio_pdr_adsprpc is uninitialzed
[   18.060592] service-notifier: service_notifier_new_server: Connection established between QMI handle and 74 service
[   18.061940] subsys-pil-tz soc:qcom,kgsl-hyp: a615_zap: loading from 0x00000000f7a00000 to 0x00000000f7a01000
[   18.070464] ADSPRPC: sensors_pdr_adsprpc is uninitialzed
[   18.070834] audio_notifer_reg_service: service PDR_ADSP is in use
[   18.070857] service-notifier: service_notifier_new_server: Connection established between QMI handle and 74 service
[   18.071747] apr_adsp_up: Q6 is Up
[   18.072778] iommu: Adding device soc:qcom,msm-audio-apr:qcom,msm-audio-ion to group 48
[   18.086569] ueventd: firmware: loading 'a615_zap.b02' for '/devices/platform/soc/soc:qcom,kgsl-hyp/firmware/a615_zap.b02'
[   18.086774] slimbus sb-3: of_slim: invalid E-addr
[   18.088692] Mass Storage Function, version: 2009/09/11
[   18.088702] LUN: removable file: (no medium)
[   18.090885] ueventd: loading /devices/platform/soc/soc:qcom,kgsl-hyp/firmware/a615_zap.b02 took 4ms
[   18.092874] subsys-pil-tz soc:qcom,kgsl-hyp: a615_zap: Brought out of reset
[   18.101368] file system registered
[   18.103954] f_cdev_alloc: port_name:at_usb0 (0000000000000000) portno:(0)
[   18.105821] f_cdev_alloc: port_name:at_usb1 (0000000000000000) portno:(1)
[   18.108093] f_cdev_alloc: port_name:at_usb2 (0000000000000000) portno:(2)
[   18.109563] ueventd: loading /devices/platform/soc/ac00000.qcom,a5/firmware/CAMERA_ICP.elf took 58ms
[   18.135212] CAM_INFO: CAM-ICP: cam_icp_mgr_hw_open: 2994 FW download done successfully
[   18.189418] va_macro va-macro: va_macro_probe: could not find 0 entry in dt
[   18.213703] lpi_pinctrl_runtime_resume: test: voting for afe lpass hw
[   18.225664] afe_vote_lpass_core_hw: lpass core hw vote opcode[0x100f4] hw id[0x3]
[   18.241256] swr-wcd wsa_swr_ctrl: swrm_get_logical_dev_num: device 0x20170212 is not ready
[   18.249742] swr_get_logical_dev_num: Error -22 to get logical addr for device 20170212
[   18.258602] sm6150-asoc-snd soc:qcom,msm-audio-apr:qcom,q6core-audio:sound: msm_init_aux_dev: found 1 wsa881x devices registered with ALSA core
[   18.259210] wsa881x: probe of wsa881x.20170212 failed with error -22
[   18.268176] wcd937x_codec wcd937x-codec: msm_cdc_dt_parse_vreg_info: cdc-vdd-ldo-rxtx: vol=[1800000 1800000]uV, curr=[25000]uA, ond 0
[   18.268188] wcd937x_codec wcd937x-codec: msm_cdc_dt_parse_vreg_info: cdc-vddpx-1: vol=[1800000 1800000]uV, curr=[10000]uA, ond 0
[   18.268199] wcd937x_codec wcd937x-codec: msm_cdc_dt_parse_vreg_info: cdc-vdd-mic-bias: vol=[3296000 3296000]uV, curr=[25000]uA, ond 0
[   18.268207] wcd937x_codec wcd937x-codec: msm_cdc_dt_parse_vreg_info: cdc-vdd-buck: vol=[1800000 1800000]uV, curr=[650000]uA, ond 1
[   18.275208] sm6150-asoc-snd soc:qcom,msm-audio-apr:qcom,q6core-audio:sound: msm_init_aux_dev: found 1 wsa881x devices registered with ALSA core
[   18.276837] wcd937x_codec wcd937x-codec: bound wcd937x-slave.1170224 (ops wcd937x_slave_comp_ops [wcd937x_slave_dlkm])
[   18.276874] wcd937x_codec wcd937x-codec: bound wcd937x-slave.1170223 (ops wcd937x_slave_comp_ops [wcd937x_slave_dlkm])
[   18.277347] swr-wcd wsa_swr_ctrl: swrm_get_logical_dev_num: device 0x21170213 is not ready
[   18.285978] swr_get_logical_dev_num: Error -22 to get logical addr for device 21170213
[   18.295564] wsa881x: probe of wsa881x.21170213 failed with error -22
